]0;~/Google 드라이브/Works/Class/Case_Studies_in_Stat/R.WD/Horsekick[?1034hKee-Wonui-iMac-27:Horsekick coop2711$ [KKee-Wonui-iMac-27:Horsekick coop2711$ ls -a;l[K[K[Kal
total 32
drwxr-xr-x  11 coop2711  staff   374 Apr 12 21:53 .
drwxr-xr-x  28 coop2711  staff   952 Apr 15  2017 ..
-rw-r--r--@  1 coop2711  staff  6148 May 27  2017 .DS_Store
drwxr-xr-x   4 coop2711  staff   136 Apr 12 21:53 .Rproj.user
drwxr-xr-x   8 coop2711  staff   272 Jan 17  2016 .git
-rw-r--r--   1 coop2711  staff   205 Apr 12 21:53 Horsekick.Rproj
drwxr-xr-x  12 coop2711  staff   408 Apr 13 00:42 R
-rw-------   1 coop2711  staff    12 Oct  9  2015 README.md
drwxr-xr-x   3 coop2711  staff   102 Jan 17  2016 data
drwxr-xr-x   9 coop2711  staff   306 Apr 12 22:02 docs
drwxr-xr-x   4 coop2711  staff   136 Jan 17  2016 pics
]0;~/Google 드라이브/Works/Class/Case_Studies_in_Stat/R.WD/HorsekickKee-Wonui-iMac-27:Horsekick coop2711$ git remote -v
fatal: Not a git repository (or any of the parent directories): .git
]0;~/Google 드라이브/Works/Class/Case_Studies_in_Stat/R.WD/HorsekickKee-Wonui-iMac-27:Horsekick coop2711$ rm -rf .git
]0;~/Google 드라이브/Works/Class/Case_Studies_in_Stat/R.WD/HorsekickKee-Wonui-iMac-27:Horsekick coop2711$ git init
Initialized empty Git repository in /Users/coop2711/Google 드라이브/Works/Class/Case_Studies_in_Stat/R.WD/Horsekick/.git/
]0;~/Google 드라이브/Works/Class/Case_Studies_in_Stat/R.WD/HorsekickKee-Wonui-iMac-27:Horsekick coop2711$ cd ..
]0;~/Google 드라이브/Works/Class/Case_Studies_in_Stat/R.WDKee-Wonui-iMac-27:R.WD coop2711$ ls
Doorae_Class		Literacy		Rwanda
Economic_Activity	Midterm			Rwanda.zip
HRD_data		Monty_1502_Case_Studies	SM201602
Horsekick		Pacifique		Sejong
Households_survey	Peter			Sejong_v2
Inequality		Peter.zip		baekdam
Lifetable		Poll_1987_kr		transportation
Lifetable_Bak		Poll_2017
Lifetable_v2		Rhistory_text
]0;~/Google 드라이브/Works/Class/Case_Studies_in_Stat/R.WDKee-Wonui-iMac-27:R.WD coop2711$ cd Horsekick/
]0;~/Google 드라이브/Works/Class/Case_Studies_in_Stat/R.WD/HorsekickKee-Wonui-iMac-27:Horsekick coop2711$ git status
On branch master

No commits yet

Untracked files:
  (use "git add <file>..." to include in what will be committed)

	[31m.DS_Store[m
	[31m.Rproj.user/[m
	[31mHorsekick.Rproj[m
	[31mR/[m
	[31mREADME.md[m
	[31mdata/[m
	[31mdocs/[m
	[31mpics/[m

nothing added to commit but untracked files present (use "git add" to track)
]0;~/Google 드라이브/Works/Class/Case_Studies_in_Stat/R.WD/HorsekickKee-Wonui-iMac-27:Horsekick coop2711$ git add -A .
]0;~/Google 드라이브/Works/Class/Case_Studies_in_Stat/R.WD/HorsekickKee-Wonui-iMac-27:Horsekick coop2711$ git commit -m "F[KRmd modified"
[master (root-commit) 15ca04d] Rmd modified
 50 files changed, 3928 insertions(+)
 create mode 100644 .DS_Store
 create mode 100644 .Rproj.user/6DF1EF29/console06/78A942EC
 create mode 100644 .Rproj.user/6DF1EF29/console06/78A942EC.env
 create mode 100644 .Rproj.user/6DF1EF29/console06/INDEX001
 create mode 100644 .Rproj.user/6DF1EF29/sources/prop/2054CC3C
 create mode 100644 .Rproj.user/6DF1EF29/sources/prop/65DDF09E
 create mode 100644 .Rproj.user/6DF1EF29/sources/prop/714F45FB
 create mode 100644 .Rproj.user/6DF1EF29/sources/prop/A37FA474
 create mode 100644 .Rproj.user/6DF1EF29/sources/prop/AE56035E
 create mode 100644 .Rproj.user/6DF1EF29/sources/prop/C56FA657
 create mode 100644 .Rproj.user/6DF1EF29/sources/prop/INDEX
 create mode 100644 .Rproj.user/6DF1EF29/sources/s-8CB406A0/530B6090
 create mode 100644 .Rproj.user/6DF1EF29/sources/s-8CB406A0/530B6090-contents
 create mode 100644 .Rproj.user/6DF1EF29/sources/s-8CB406A0/58366FAB
 create mode 100644 .Rproj.user/6DF1EF29/sources/s-8CB406A0/58366FAB-contents
 create mode 100644 .Rproj.user/6DF1EF29/sources/s-8CB406A0/8263DC9A
 create mode 100644 .Rproj.user/6DF1EF29/sources/s-8CB406A0/8263DC9A-contents
 create mode 100644 .Rproj.user/6DF1EF29/sources/s-8CB406A0/95A7A5B8
 create mode 100644 .Rproj.user/6DF1EF29/sources/s-8CB406A0/95A7A5B8-contents
 create mode 100644 .Rproj.user/6DF1EF29/sources/s-8CB406A0/B2976AD8
 create mode 100644 .Rproj.user/6DF1EF29/sources/s-8CB406A0/B2976AD8-contents
 create mode 100644 .Rproj.user/6DF1EF29/sources/s-8CB406A0/BB935C4A
 create mode 100644 .Rproj.user/6DF1EF29/sources/s-8CB406A0/BB935C4A-contents
 create mode 100644 .Rproj.user/6DF1EF29/sources/s-8CB406A0/lock_file
 create mode 100644 .Rproj.user/shared/notebooks/F5E0120D-horsekick/1/6DF1EF298CB406A0/chunks.json
 create mode 100644 .Rproj.user/shared/notebooks/F5E0120D-horsekick/1/s/chunks.json
 create mode 100644 .Rproj.user/shared/notebooks/patch-chunk-names
 create mode 100644 .Rproj.user/shared/notebooks/paths
 create mode 100644 Horsekick.Rproj
 create mode 100644 R/horsekick.Rmd
 create mode 100644 R/horsekick.html
 create mode 100644 R/horsekick.r
 create mode 100644 R/horsekick.rda
 create mode 100644 R/horsekick150517.rda
 create mode 100644 R/horsekick150519.rda
 create mode 100644 R/horsekick2.r
 create mode 100644 R/horsekick3.r
 create mode 100644 R/horsekick4.r
 create mode 100644 R/horsekick_plot.R
 create mode 100644 README.md
 create mode 100644 data/horsekick.txt
 create mode 100644 docs/Bortkewitsch_1898 (1).pdf
 create mode 100644 docs/Horsekick150517.pdf
 create mode 100644 docs/horsekick1.pdf
 create mode 100644 docs/horsekick1_bw.pdf
 create mode 100644 docs/horsekick2.pdf
 create mode 100644 docs/horsekick2_bw.pdf
 create mode 100644 docs/horsekick4.pdf
 create mode 100644 pics/horsekick3.png
 create mode 100644 pics/horsekick4.png
]0;~/Google 드라이브/Works/Class/Case_Studies_in_Stat/R.WD/HorsekickKee-Wonui-iMac-27:Horsekick coop2711$ git remote add origin https://github.com/kwlee58/Ho rsekick2018.git
]0;~/Google 드라이브/Works/Class/Case_Studies_in_Stat/R.WD/HorsekickKee-Wonui-iMac-27:Horsekick coop2711$ git push -u origin master
Counting objects: 56, done.
Delta compression using up to 4 threads.
Compressing objects:   2% (1/49)   Compressing objects:   4% (2/49)   Compressing objects:   6% (3/49)   Compressing objects:   8% (4/49)   Compressing objects:  10% (5/49)   Compressing objects:  12% (6/49)   Compressing objects:  14% (7/49)   Compressing objects:  16% (8/49)   Compressing objects:  18% (9/49)   Compressing objects:  20% (10/49)   Compressing objects:  22% (11/49)   Compressing objects:  24% (12/49)   Compressing objects:  26% (13/49)   Compressing objects:  28% (14/49)   Compressing objects:  30% (15/49)   Compressing objects:  32% (16/49)   Compressing objects:  34% (17/49)   Compressing objects:  36% (18/49)   Compressing objects:  38% (19/49)   Compressing objects:  40% (20/49)   Compressing objects:  42% (21/49)   Compressing objects:  44% (22/49)   Compressing objects:  46% (23/49)   Compressing objects:  48% (24/49)   Compressing objects:  51% (25/49)   Compressing objects:  53% (26/49)   Compressing objects:  55% (27/49)   Compressing objects:  57% (28/49)   Compressing objects:  59% (29/49)   Compressing objects:  61% (30/49)   Compressing objects:  63% (31/49)   Compressing objects:  65% (32/49)   Compressing objects:  67% (33/49)   Compressing objects:  69% (34/49)   Compressing objects:  71% (35/49)   Compressing objects:  73% (36/49)   Compressing objects:  75% (37/49)   Compressing objects:  77% (38/49)   Compressing objects:  79% (39/49)   Compressing objects:  81% (40/49)   Compressing objects:  83% (41/49)   Compressing objects:  85% (42/49)   Compressing objects:  87% (43/49)   Compressing objects:  89% (44/49)   Compressing objects:  91% (45/49)   Compressing objects:  93% (46/49)   Compressing objects:  95% (47/49)   Compressing objects:  97% (48/49)   Compressing objects: 100% (49/49)   Compressing objects: 100% (49/49), done.
Writing objects:   1% (1/56)   Writing objects:   3% (2/56)   Writing objects:   5% (3/56)   Writing objects:   7% (4/56)   Writing objects:   8% (5/56)   Writing objects:  10% (6/56)   Writing objects:  12% (7/56)   Writing objects:  14% (8/56)   Writing objects:  16% (9/56)   Writing objects:  17% (10/56)   Writing objects:  19% (11/56)   Writing objects:  21% (12/56)   Writing objects:  23% (13/56)   Writing objects:  25% (14/56)   Writing objects:  26% (15/56)   Writing objects:  28% (16/56)   Writing objects:  33% (19/56)   Writing objects:  35% (20/56)   Writing objects:  37% (21/56)   Writing objects:  39% (22/56)   Writing objects:  41% (23/56)   Writing objects:  44% (25/56)   Writing objects:  46% (26/56)   Writing objects:  48% (27/56)   Writing objects:  50% (28/56)   Writing objects:  51% (29/56)   Writing objects:  53% (30/56)   Writing objects:  55% (31/56)   Writing objects:  57% (32/56)   Writing objects:  58% (33/56)   Writing objects:  60% (34/56)   Writing objects:  62% (35/56)   Writing objects:  64% (36/56)   Writing objects:  66% (37/56)   Writing objects:  67% (38/56)   Writing objects:  69% (39/56)   Writing objects:  71% (40/56)   Writing objects:  73% (41/56)   Writing objects:  75% (42/56)   Writing objects:  76% (43/56)   Writing objects:  78% (44/56)   Writing objects:  80% (45/56)   Writing objects:  82% (46/56)   Writing objects:  82% (46/56), 1.07 MiB | 646.00 KiB/s   Writing objects:  83% (47/56), 1.07 MiB | 646.00 KiB/s   Writing objects:  85% (48/56), 1.07 MiB | 646.00 KiB/s   Writing objects:  91% (51/56), 1.07 MiB | 646.00 KiB/s   Writing objects:  92% (52/56), 1.07 MiB | 646.00 KiB/s   Writing objects:  94% (53/56), 1.07 MiB | 646.00 KiB/s   Writing objects:  96% (54/56), 1.07 MiB | 646.00 KiB/s   Writing objects:  98% (55/56), 1.07 MiB | 646.00 KiB/s   Writing objects: 100% (56/56), 1.07 MiB | 646.00 KiB/s   Writing objects: 100% (56/56), 2.40 MiB | 1.18 MiB/s, done.
Total 56 (delta 11), reused 0 (delta 0)
remote: Resolving deltas:   0% (0/11)   [Kremote: Resolving deltas:  45% (5/11)   [Kremote: Resolving deltas:  72% (8/11)   [Kremote: Resolving deltas: 100% (11/11)   [Kremote: Resolving deltas: 100% (11/11), done.[K
To https://github.com/kwlee58/Horsekick2018.git
 * [new branch]      master -> master
Branch 'master' set up to track remote branch 'master' from 'origin'.
git status
On branch master
Your branch is up to date with 'origin/master'.

Changes not staged for commit:
  (use "git add/rm <file>..." to update what will be committed)
  (use "git checkout -- <file>..." to discard changes in working directory)

	[31mmodified:   .Rproj.user/6DF1EF29/console06/78A942EC[m
	[31mmodified:   .Rproj.user/6DF1EF29/console06/INDEX001[m
	[31mmodified:   .Rproj.user/6DF1EF29/sources/prop/714F45FB[m
	[31mdeleted:    .Rproj.user/6DF1EF29/sources/s-8CB406A0/530B6090[m
	[31mdeleted:    .Rproj.user/6DF1EF29/sources/s-8CB406A0/530B6090-contents[m
	[31mdeleted:    .Rproj.user/6DF1EF29/sources/s-8CB406A0/58366FAB[m
	[31mdeleted:    .Rproj.user/6DF1EF29/sources/s-8CB406A0/58366FAB-contents[m
	[31mdeleted:    .Rproj.user/6DF1EF29/sources/s-8CB406A0/8263DC9A[m
	[31mdeleted:    .Rproj.user/6DF1EF29/sources/s-8CB406A0/8263DC9A-contents[m
	[31mdeleted:    .Rproj.user/6DF1EF29/sources/s-8CB406A0/95A7A5B8[m
	[31mdeleted:    .Rproj.user/6DF1EF29/sources/s-8CB406A0/95A7A5B8-contents[m
	[31mdeleted:    .Rproj.user/6DF1EF29/sources/s-8CB406A0/B2976AD8[m
	[31mdeleted:    .Rproj.user/6DF1EF29/sources/s-8CB406A0/B2976AD8-contents[m
	[31mdeleted:    .Rproj.user/6DF1EF29/sources/s-8CB406A0/BB935C4A[m
	[31mdeleted:    .Rproj.user/6DF1EF29/sources/s-8CB406A0/BB935C4A-contents[m
	[31mdeleted:    .Rproj.user/6DF1EF29/sources/s-8CB406A0/lock_file[m
	[31mmodified:   .Rproj.user/shared/notebooks/F5E0120D-horsekick/1/s/chunks.json[m
	[31mmodified:   R/horsekick.Rmd[m
	[31mmodified:   R/horsekick.html[m

Untracked files:
  (use "git add <file>..." to include in what will be committed)

	[31m.gitignore[m

no changes added to commit (use "git add" and/or "git commit -a")
]0;~/Google 드라이브/Works/Class/Case_Studies_in_Stat/R.WD/HorsekickKee-Wonui-iMac-27:Horsekick coop2711$ git add -A .
]0;~/Google 드라이브/Works/Class/Case_Studies_in_Stat/R.WD/HorsekickKee-Wonui-iMac-27:Horsekick coop2711$ git commit -m "Lots of modification"
[master b637b08] Lots of modification
 21 files changed, 187 insertions(+), 520 deletions(-)
 rewrite .Rproj.user/6DF1EF29/console06/INDEX001 (100%)
 delete mode 100644 .Rproj.user/6DF1EF29/sources/s-8CB406A0/530B6090
 delete mode 100644 .Rproj.user/6DF1EF29/sources/s-8CB406A0/530B6090-contents
 delete mode 100644 .Rproj.user/6DF1EF29/sources/s-8CB406A0/58366FAB
 delete mode 100644 .Rproj.user/6DF1EF29/sources/s-8CB406A0/58366FAB-contents
 delete mode 100644 .Rproj.user/6DF1EF29/sources/s-8CB406A0/8263DC9A
 delete mode 100644 .Rproj.user/6DF1EF29/sources/s-8CB406A0/8263DC9A-contents
 delete mode 100644 .Rproj.user/6DF1EF29/sources/s-8CB406A0/95A7A5B8
 delete mode 100644 .Rproj.user/6DF1EF29/sources/s-8CB406A0/95A7A5B8-contents
 delete mode 100644 .Rproj.user/6DF1EF29/sources/s-8CB406A0/B2976AD8
 delete mode 100644 .Rproj.user/6DF1EF29/sources/s-8CB406A0/B2976AD8-contents
 delete mode 100644 .Rproj.user/6DF1EF29/sources/s-8CB406A0/BB935C4A
 delete mode 100644 .Rproj.user/6DF1EF29/sources/s-8CB406A0/BB935C4A-contents
 delete mode 100644 .Rproj.user/6DF1EF29/sources/s-8CB406A0/lock_file
 create mode 100644 .gitignore
]0;~/Google 드라이브/Works/Class/Case_Studies_in_Stat/R.WD/HorsekickKee-Wonui-iMac-27:Horsekick coop2711$ git push -u origin master
Counting objects: 21, done.
Delta compression using up to 4 threads.
Compressing objects:   6% (1/16)   Compressing objects:  12% (2/16)   Compressing objects:  18% (3/16)   Compressing objects:  25% (4/16)   Compressing objects:  31% (5/16)   Compressing objects:  37% (6/16)   Compressing objects:  43% (7/16)   Compressing objects:  50% (8/16)   Compressing objects:  56% (9/16)   Compressing objects:  62% (10/16)   Compressing objects:  68% (11/16)   Compressing objects:  75% (12/16)   Compressing objects:  81% (13/16)   Compressing objects:  87% (14/16)   Compressing objects:  93% (15/16)   Compressing objects: 100% (16/16)   Compressing objects: 100% (16/16), done.
Writing objects:   4% (1/21)   Writing objects:   9% (2/21)   Writing objects:  14% (3/21)   Writing objects:  19% (4/21)   Writing objects:  23% (5/21)   Writing objects:  28% (6/21)   Writing objects:  33% (7/21)   Writing objects:  38% (8/21)   Writing objects:  42% (9/21)   Writing objects:  47% (10/21)   Writing objects:  52% (11/21)   Writing objects:  57% (12/21)   Writing objects:  61% (13/21)   Writing objects:  66% (14/21)   Writing objects:  71% (15/21)   Writing objects:  76% (16/21)   Writing objects:  80% (17/21)   Writing objects:  85% (18/21)   Writing objects:  90% (19/21)   Writing objects:  95% (20/21)   Writing objects: 100% (21/21)   Writing objects: 100% (21/21), 197.83 KiB | 3.88 MiB/s, done.
Total 21 (delta 7), reused 0 (delta 0)
remote: Resolving deltas:   0% (0/7)   [Kremote: Resolving deltas:  14% (1/7)   [Kremote: Resolving deltas:  28% (2/7)   [Kremote: Resolving deltas:  42% (3/7)   [Kremote: Resolving deltas:  57% (4/7)   [Kremote: Resolving deltas:  71% (5/7)   [Kremote: Resolving deltas:  85% (6/7)   [Kremote: Resolving deltas: 100% (7/7)   [Kremote: Resolving deltas: 100% (7/7), completed with 7 local objects.[K
To https://github.com/kwlee58/Horsekick2018.git
   15ca04d..b637b08  master -> master
Branch 'master' set up to track remote branch 'master' from 'origin'.
[KKee-Wonui-New-MacBook:Horsekick coop2711$ git status
On branch master
Your branch is up to date with 'origin/master'.

Changes not staged for commit:
  (use "git add <file>..." to update what will be committed)
  (use "git checkout -- <file>..." to discard changes in working directory)

	[31mmodified:   .DS_Store[m
	[31mmodified:   .Rproj.user/6DF1EF29/console06/78A942EC[m
	[31mmodified:   .Rproj.user/6DF1EF29/console06/INDEX001[m
	[31mmodified:   .Rproj.user/6DF1EF29/sources/prop/2054CC3C[m
	[31mmodified:   .Rproj.user/6DF1EF29/sources/prop/714F45FB[m
	[31mmodified:   .Rproj.user/shared/notebooks/F5E0120D-horsekick/1/s/chunks.json[m
	[31mmodified:   R/horsekick.Rmd[m
	[31mmodified:   R/horsekick.html[m
	[31mmodified:   R/horsekick_plot.R[m

no changes added to commit (use "git add" and/or "git commit -a")
]0;~/Google 드라이브/Works/Class/Case_Studies_in_Stat/R.WD/HorsekickKee-Wonui-New-MacBook:Horsekick coop2711$ git commit -a