R version 3.1.1 (2014-07-10) -- "Sock it to Me"
> pdf(file="horsekick.pdf", width=7.5,height=7.5)
> ls()
 [1] "a"                 "cx"                "gdp"              
 [4] "gdp_capita"        "grdp_gw"           "grdp_gw_capita"   
 [7] "grdp_yg"           "jobs"              "jobs.bus"         
[10] "jobs.kr"           "jobs.specialty"    "jobs.village"     
[13] "p.x"               "pop_gw"            "rate.gdp"         
[16] "rate.grdp"         "rate.grdp_yg"      "revenue"          
[19] "revenue.bus"       "revenue.specialty" "v"                
[22] "x"                 "year"             
> getwd()
[1] "/Users/coop2711"
> horsekick<-c(144,91,32,11,2)
> horsekick.p<-horsekick/sum(horsekick)
> horsekick.p
[1] 0.514285714 0.325000000 0.114285714 0.039285714 0.007142857
> plot(0:4,xlim=c(-0.5,4.5),ylim=c(0,1),xlab="N. of Deaths",ylab="cdf")
> abline(v=0:5)
> dev.off()
null device 
          1 
> quartz(dpi=72)
> plot(0:4,cumsum(soldiers.p,xlim=c(-0.5,4.5),ylim=c(0,1),xlab="N. of Deaths",ylab="cdf")
+ )
다음에 오류가 있습니다xy.coords(x, y, xlabel, ylabel, log) : 
  객체 'soldiers.p'를 찾을 수 없습니다
> plot(0:4,cumsum(soldiers.p),xlim=c(-0.5,4.5),ylim=c(0,1),xlab="N. of Deaths",ylab="cdf")
다음에 오류가 있습니다xy.coords(x, y, xlabel, ylabel, log) : 
  객체 'soldiers.p'를 찾을 수 없습니다
> plot(0:4,cumsum(horsekick.p,xlim=c(-0.5,4.5),ylim=c(0,1),xlab="N. of Deaths",ylab="cdf")
+ plot(0:4,cumsum(horsekick.p,xlim=c(-0.5,4.5),ylim=c(0,1),xlab="N. of Deaths",ylab="cdf")
에러: 예기치 않은 심볼입니다 in:
"plot(0:4,cumsum(horsekick.p,xlim=c(-0.5,4.5),ylim=c(0,1),xlab="N. of Deaths",ylab="cdf")
plot"
> plot(0:4,cumsum(horsekick.p),xlim=c(-0.5,4.5),ylim=c(0,1),xlab="N. of Deaths",ylab="cdf")
> abline(v=0:5)
> plot(0:4,cumsum(horsekick.p),xlim=c(-0.5,4.5),ylim=c(0,1),xlab="N. of Deaths",ylab="cdf")
> abline(v=0:5, lty=2)
> lines(c(0,1),rep(cumsum(horsekick.p)[1]),lty=2)
다음에 오류가 있습니다xy.coords(x, y) : 'x' and 'y' lengths differ
> lines(c(0,1),rep(cumsum(horsekick.p)[1]),2),lty=2)
에러: 예기치 않은 ','입니다 in "lines(c(0,1),rep(cumsum(horsekick.p)[1]),2),"
> lines(c(0,1),rep(cumsum(horsekick.p)[1],2),lty=2)
> lines(c(0,2),rep(cumsum(horsekick.p)[2],2),lty=2)
> lines(c(0,3),rep(cumsum(horsekick.p)[3],2),lty=2)
> lines(c(0,4),rep(cumsum(horsekick.p)[4],2),lty=2)
> lines(c(0,4.5),rep(cumsum(horsekick.p)[5],2),lty=2)
> cumsum(horsekick.p)
[1] 0.5142857 0.8392857 0.9535714 0.9928571 1.0000000
> plot(0:4,cumsum(horsekick.p),xlim=c(-0.5,4.5),ylim=c(0.8,1.2),xlab="N. of Deaths",ylab="cdf")
> plot(0:4,cumsum(horsekick.p),xlim=c(-0.5,4.5),ylim=c(0.95,1.05),xlab="N. of Deaths",ylab="cdf")
> lines(c(0,4.5),rep(cumsum(horsekick.p)[5],2),lty=2)
> lines(c(0,4),rep(cumsum(horsekick.p)[4],2),lty=2)
> lines(c(0,3),rep(cumsum(horsekick.p)[3],2),lty=2)
> plot(0:4,cumsum(horsekick.p),xlim=c(-0.5,4.5),ylim=c(0.95,1.05),xlab="N. of Deaths",ylab="cdf")
> plot(0:4,cumsum(horsekick.p),xlim=c(-0.5,4.5),ylim=c(0,1),xlab="N. of Deaths",ylab="cdf")
> plot(0:4,cumsum(horsekick.p),xlim=c(-0.5,4.5),ylim=c(0,1),xlab="No. of Deaths",ylab="cdf")
> abline(v=0:5, lty=2)
> lines(c(0,1),rep(cumsum(horsekick.p)[1],2),lty=2)
> lines(c(0,2),rep(cumsum(horsekick.p)[2],2),lty=2)
> lines(c(0,3),rep(cumsum(horsekick.p)[3],2),lty=2)
> lines(c(0,4),rep(cumsum(horsekick.p)[4],2),lty=2)
> lines(c(0,4.5),rep(cumsum(horsekick.p)[5],2),lty=2)
> ?source
starting httpd help server ... done
> source("Documents/생활 속의 통계학/R.WD/horsekick.r")
> source("Documents/생활 속의 통계학/R.WD/horsekick.r")
> getwd()
[1] "/Users/coop2711"
> source("Documents/생활 속의 통계학/R.WD/horsekick.r")
> source("Documents/생활 속의 통계학/R.WD/horsekick.r")
> ?polygon
> polygon(c(0,1,1,0),c(rep(cumsum(horsekick.p)[1],2),rep(cumsum(horsekick.p)[2],2)), col=2)
> polygon(c(0,2,2,0),c(rep(cumsum(horsekick.p)[2],2),rep(cumsum(horsekick.p)[3],2)), col=2)
> polygon(c(0,2,2,0),c(rep(cumsum(horsekick.p)[2],2),rep(cumsum(horsekick.p)[3],2)), col=3)
> polygon(c(0,3,3,0),c(rep(cumsum(horsekick.p)[3],2),rep(cumsum(horsekick.p)[4],2)), col=4)
> polygon(c(0,4,4,0),c(rep(cumsum(horsekick.p)[4],2),rep(cumsum(horsekick.p)[5],2)), col=5)
> source("Documents/생활 속의 통계학/R.WD/horsekick.r")
> source("Documents/생활 속의 통계학/R.WD/horsekick.r")
> source("Documents/생활 속의 통계학/R.WD/horsekick.r")
> quartz(dpi=72,width=7.5,height=7.5)
> source("Documents/생활 속의 통계학/R.WD/horsekick.r")
> source("Documents/생활 속의 통계학/R.WD/horsekick.r")
> source("Documents/생활 속의 통계학/R.WD/horsekick.r")
> source("Documents/생활 속의 통계학/R.WD/horsekick.r")
> par(mfcol=2)
다음에 오류가 있습니다par(mfcol = 2) : 
  그래픽 파라미터 "mfcol"는 잘못된 길이를 가지고 있습니다
> par(mfcol=c(1,2))
> source("Documents/생활 속의 통계학/R.WD/horsekick.r")
> ?par
> par(mfrow=c(1,2))
> source("Documents/생활 속의 통계학/R.WD/horsekick.r")
> source("Documents/생활 속의 통계학/R.WD/horsekick.r",echo=TRUE)

> horsekick<-c(144,91,32,11,2)

> horsekick.p<-horsekick/sum(horsekick)

> horsekick.p
[1] 0.514285714 0.325000000 0.114285714 0.039285714 0.007142857

> quartz(dpi=72,width=7.5,height=7.5)

> # pdf(file="horsekick2.pdf",width=7.5,height=7.5)
> plot(0:4,cumsum(horsekick.p),xlim=c(-0.5,4.5),ylim=c(0,1),xlab="No. of Deaths",ylab="cdf")

> abline(v=0:5, lty=2)

> lines(c(0,1),rep(cumsum(horsekick.p)[1],2),lty=2)

> lines(c(0,2),rep(cumsum(horsekick.p)[2],2),lty=2)

> lines(c(0,3),rep(cumsum(horsekick.p)[3],2),lty=2)

> lines(c(0,4),rep(cumsum(horsekick.p)[4],2),lty=2)

> lines(c(0,4.5),rep(cumsum(horsekick.p)[5],2),lty=2)

> polygon(c(0,1,1,0),c(rep(cumsum(horsekick.p)[1],2),rep(cumsum(horsekick.p)[2],2)), col=2)

> polygon(c(0,2,2,0),c(rep(cumsum(horsekick.p)[2],2),rep(cumsum(horsekick.p)[3],2)), col=3)

> polygon(c(0,3,3,0),c(rep(cumsum(horsekick.p)[3],2),rep(cumsum(horsekick.p)[4],2)), col=4)

> polygon(c(0,4,4,0),c(rep(cumsum(horsekick.p)[4],2),rep(cumsum(horsekick.p)[5],2)), col=5)

> quartz(dpi=72,width=7.5,height=7.5)

> # pdf(file="horsekick2.pdf",width=7.5,height=7.5)
> plot(0:4,cumsum(horsekick.p),xlim=c(-0.5,4.5),ylim=c(0,1),xlab="No. of Deaths",ylab="cdf")

> abline(v=0:5, lty=2)

> lines(c(0,1),rep(cumsum(horsekick.p)[1],2),lty=2)

> lines(c(0,2),rep(cumsum(horsekick.p)[2],2),lty=2)

> lines(c(0,3),rep(cumsum(horsekick.p)[3],2),lty=2)

> lines(c(0,4),rep(cumsum(horsekick.p)[4],2),lty=2)

> lines(c(0,4.5),rep(cumsum(horsekick.p)[5],2),lty=2)

> polygon(c(0,1,1,0),c(rep(cumsum(horsekick.p)[1],2),rep(cumsum(horsekick.p)[5],2)), col=2)

> polygon(c(1,2,2,1),c(rep(cumsum(horsekick.p)[2],2),rep(cumsum(horsekick.p)[5],2)), col=3)

> polygon(c(2,3,3,2),c(rep(cumsum(horsekick.p)[3],2),rep(cumsum(horsekick.p)[5],2)), col=4)

> polygon(c(3,4,4,3),c(rep(cumsum(horsekick.p)[4],2),rep(cumsum(horsekick.p)[5],2)), col=5)

> dev.off()
quartz 
     2 
> dev.off()
quartz 
     3 
> dev.off()
null device 
          1 
> source("Documents/생활 속의 통계학/R.WD/horsekick.r",echo=TRUE)

> horsekick<-c(144,91,32,11,2)

> horsekick.p<-horsekick/sum(horsekick)

> horsekick.p
[1] 0.514285714 0.325000000 0.114285714 0.039285714 0.007142857

> quartz(dpi=72,width=7.5,height=7.5)

> # pdf(file="horsekick2.pdf",width=7.5,height=7.5)
> plot(0:4,cumsum(horsekick.p),xlim=c(-0.5,4.5),ylim=c(0,1),xlab="No. of Deaths",ylab="cdf")

> abline(v=0:5, lty=2)

> lines(c(0,1),rep(cumsum(horsekick.p)[1],2),lty=2)

> lines(c(0,2),rep(cumsum(horsekick.p)[2],2),lty=2)

> lines(c(0,3),rep(cumsum(horsekick.p)[3],2),lty=2)

> lines(c(0,4),rep(cumsum(horsekick.p)[4],2),lty=2)

> lines(c(0,4.5),rep(cumsum(horsekick.p)[5],2),lty=2)

> polygon(c(0,1,1,0),c(rep(cumsum(horsekick.p)[1],2),rep(cumsum(horsekick.p)[2],2)), col=2)

> polygon(c(0,2,2,0),c(rep(cumsum(horsekick.p)[2],2),rep(cumsum(horsekick.p)[3],2)), col=3)

> polygon(c(0,3,3,0),c(rep(cumsum(horsekick.p)[3],2),rep(cumsum(horsekick.p)[4],2)), col=4)

> polygon(c(0,4,4,0),c(rep(cumsum(horsekick.p)[4],2),rep(cumsum(horsekick.p)[5],2)), col=5)

> quartz(dpi=72,width=7.5,height=7.5)

> # pdf(file="horsekick2.pdf",width=7.5,height=7.5)
> plot(0:4,cumsum(horsekick.p),xlim=c(-0.5,4.5),ylim=c(0,1),xlab="No. of Deaths",ylab="cdf")

> abline(v=0:5, lty=2)

> lines(c(0,1),rep(cumsum(horsekick.p)[1],2),lty=2)

> lines(c(0,2),rep(cumsum(horsekick.p)[2],2),lty=2)

> lines(c(0,3),rep(cumsum(horsekick.p)[3],2),lty=2)

> lines(c(0,4),rep(cumsum(horsekick.p)[4],2),lty=2)

> lines(c(0,4.5),rep(cumsum(horsekick.p)[5],2),lty=2)

> polygon(c(0,1,1,0),c(rep(cumsum(horsekick.p)[1],2),rep(cumsum(horsekick.p)[5],2)), col=2)

> polygon(c(1,2,2,1),c(rep(cumsum(horsekick.p)[2],2),rep(cumsum(horsekick.p)[5],2)), col=3)

> polygon(c(2,3,3,2),c(rep(cumsum(horsekick.p)[3],2),rep(cumsum(horsekick.p)[5],2)), col=4)

> polygon(c(3,4,4,3),c(rep(cumsum(horsekick.p)[4],2),rep(cumsum(horsekick.p)[5],2)), col=5)

> dev.off()
quartz 
     2 
> source("Documents/생활 속의 통계학/R.WD/horsekick.r",echo=TRUE)

> horsekick<-c(144,91,32,11,2)

> horsekick.p<-horsekick/sum(horsekick)

> horsekick.p
[1] 0.514285714 0.325000000 0.114285714 0.039285714 0.007142857

> quartz(dpi=72,width=7.5,height=7.5)

> # pdf(file="horsekick2.pdf",width=7.5,height=7.5)
> plot(0:4,cumsum(horsekick.p),xlim=c(-0.5,4.5),ylim=c(0,1),xlab="No. of Deaths",ylab="cdf")

> abline(v=0:5, lty=2)

> lines(c(0,1),rep(cumsum(horsekick.p)[1],2),lty=2)

> lines(c(0,2),rep(cumsum(horsekick.p)[2],2),lty=2)

> lines(c(0,3),rep(cumsum(horsekick.p)[3],2),lty=2)

> lines(c(0,4),rep(cumsum(horsekick.p)[4],2),lty=2)

> lines(c(0,4.5),rep(cumsum(horsekick.p)[5],2),lty=2)

> polygon(c(0,1,1,0),c(rep(cumsum(horsekick.p)[1],2),rep(cumsum(horsekick.p)[2],2)), col=2)

> polygon(c(0,2,2,0),c(rep(cumsum(horsekick.p)[2],2),rep(cumsum(horsekick.p)[3],2)), col=3)

> polygon(c(0,3,3,0),c(rep(cumsum(horsekick.p)[3],2),rep(cumsum(horsekick.p)[4],2)), col=4)

> polygon(c(0,4,4,0),c(rep(cumsum(horsekick.p)[4],2),rep(cumsum(horsekick.p)[5],2)), col=5)

> quartz(dpi=72,width=7.5,height=7.5)

> # pdf(file="horsekick2.pdf",width=7.5,height=7.5)
> plot(0:4,cumsum(horsekick.p),xlim=c(-0.5,4.5),ylim=c(0,1),xlab="No. of Deaths",ylab="cdf")

> abline(v=0:5, lty=2)

> lines(c(0,1),rep(cumsum(horsekick.p)[1],2),lty=2)

> lines(c(0,2),rep(cumsum(horsekick.p)[2],2),lty=2)

> lines(c(0,3),rep(cumsum(horsekick.p)[3],2),lty=2)

> lines(c(0,4),rep(cumsum(horsekick.p)[4],2),lty=2)

> lines(c(0,4.5),rep(cumsum(horsekick.p)[5],2),lty=2)

> polygon(c(0,1,1,0),c(rep(cumsum(horsekick.p)[1],2),rep(cumsum(horsekick.p)[5],2)), col=2)

> polygon(c(1,2,2,1),c(rep(cumsum(horsekick.p)[2],2),rep(cumsum(horsekick.p)[5],2)), col=3)

> polygon(c(2,3,3,2),c(rep(cumsum(horsekick.p)[3],2),rep(cumsum(horsekick.p)[5],2)), col=4)

> polygon(c(3,4,4,3),c(rep(cumsum(horsekick.p)[4],2),rep(cumsum(horsekick.p)[5],2)), col=5)

> dev.off()
quartz 
     2 
> plot(0:4,cumsum(horsekick.p),xlim=c(-0.5,4.5),ylim=c(0,1),xlab="No. of Deaths",ylab="cdf")
> abline(v=0:5, lty=2)
> lines(c(0,1),rep(cumsum(horsekick.p)[1],2),lty=2)
> lines(c(0,2),rep(cumsum(horsekick.p)[2],2),lty=2)
> lines(c(0,3),rep(cumsum(horsekick.p)[3],2),lty=2)
> lines(c(0,4),rep(cumsum(horsekick.p)[4],2),lty=2)
> lines(c(0,4.5),rep(cumsum(horsekick.p)[5],2),lty=2)
> polygon(c(0,1,1,0),c(rep(cumsum(horsekick.p)[1],2),rep(cumsum(horsekick.p)[5],2)), col=2)
> polygon(c(1,2,2,1),c(rep(cumsum(horsekick.p)[2],2),rep(cumsum(horsekick.p)[5],2)), col=3)
> polygon(c(2,3,3,2),c(rep(cumsum(horsekick.p)[3],2),rep(cumsum(horsekick.p)[5],2)), col=4)
> polygon(c(3,4,4,3),c(rep(cumsum(horsekick.p)[4],2),rep(cumsum(horsekick.p)[5],2)), col=5)
> source("Documents/생활 속의 통계학/R.WD/horsekick2.r")
> pdf(file="horsekick1.pdf",width=7.5,height=7.5)
> source("Documents/생활 속의 통계학/R.WD/horsekick.r")
> dev.off()
quartz 
     2 
> pdf(file="horsekick2.pdf",width=7.5,height=7.5)
> source("Documents/생활 속의 통계학/R.WD/horsekick2.r")
> dev.off()
quartz 
     2 
> getwd()
[1] "/Users/coop2711"
> setwd("/Users/coop2711/Documents/통계분석사례연구/R.WD")
> source("Documents/생활 속의 통계학/R.WD/horsekick.r")
다음에 오류가 있습니다file(filename, "r", encoding = encoding) : 
  커넥션을 열 수 없습니다
추가정보: 경고메시지:
In file(filename, "r", encoding = encoding) :
  파일 'Documents/생활 속의 통계학/R.WD/horsekick.r'를 여는데 실패했습니다: No such file or directory
> source("/Users/coop2711/Documents/생활 속의 통계학/R.WD/horsekick.r")
> ls()
 [1] "a"                 "cx"                "gdp"              
 [4] "gdp_capita"        "grdp_gw"           "grdp_gw_capita"   
 [7] "grdp_yg"           "horsekick"         "horsekick.p"      
[10] "jobs"              "jobs.bus"          "jobs.kr"          
[13] "jobs.specialty"    "jobs.village"      "p.x"              
[16] "pop_gw"            "rate.gdp"          "rate.grdp"        
[19] "rate.grdp_yg"      "revenue"           "revenue.bus"      
[22] "revenue.specialty" "v"                 "x"                
[25] "year"             
> dev.cur()
quartz 
     2 
> source("/Users/coop2711/Documents/생활 속의 통계학/R.WD/horsekick.r")
> ?polygon
> plot(0:4,cumsum(horsekick.p),xlim=c(-0.5,4.5),ylim=c(0,1),xlab="No. of Deaths",ylab="cdf")
> abline(v=0:5, lty=2)
> lines(c(0,1),rep(cumsum(horsekick.p)[1],2),lty=2)
> ines(c(0,2),rep(cumsum(horsekick.p)[2],2),lty=2)
에러: 함수 "ines"를 찾을 수 없습니다
> lines(c(0,3),rep(cumsum(horsekick.p)[3],2),lty=2)
> lines(c(0,4),rep(cumsum(horsekick.p)[4],2),lty=2)
> lines(c(0,4.5),rep(cumsum(horsekick.p)[5],2),lty=2)
> lines(c(0,2),rep(cumsum(horsekick.p)[2],2),lty=2)
> polygon(c(0,1,1,0),c(rep(cumsum(horsekick.p)[1],2),rep(cumsum(horsekick.p)[2],2)), angle=15)
> polygon(c(0,2,2,0),c(rep(cumsum(horsekick.p)[2],2),rep(cumsum(horsekick.p)[3],2)), angle=30)
> polygon(c(0,3,3,0),c(rep(cumsum(horsekick.p)[3],2),rep(cumsum(horsekick.p)[4],2)), angle=45)
> polygon(c(0,4,4,0),c(rep(cumsum(horsekick.p)[4],2),rep(cumsum(horsekick.p)[5],2)), angle=60)
> plot(0:4,cumsum(horsekick.p),xlim=c(-0.5,4.5),ylim=c(0,1),xlab="No. of Deaths",ylab="cdf")
> abline(v=0:5, lty=2)
> lines(c(0,1),rep(cumsum(horsekick.p)[1],2),lty=2)
> lines(c(0,2),rep(cumsum(horsekick.p)[2],2),lty=2)
> lines(c(0,3),rep(cumsum(horsekick.p)[3],2),lty=2)
> lines(c(0,4),rep(cumsum(horsekick.p)[4],2),lty=2)
> lines(c(0,4.5),rep(cumsum(horsekick.p)[5],2),lty=2)
> polygon(c(0,1,1,0),c(rep(cumsum(horsekick.p)[1],2),rep(cumsum(horsekick.p)[2],2)), density=10, angle=15)
> polygon(c(0,2,2,0),c(rep(cumsum(horsekick.p)[2],2),rep(cumsum(horsekick.p)[3],2)), density=10, angle=30)
> polygon(c(0,3,3,0),c(rep(cumsum(horsekick.p)[3],2),rep(cumsum(horsekick.p)[4],2)), density=10, angle=45)
> polygon(c(0,4,4,0),c(rep(cumsum(horsekick.p)[4],2),rep(cumsum(horsekick.p)[5],2)), density=10, angle=60)
> source("/Users/coop2711/Documents/생활 속의 통계학/R.WD/horsekick.r")
> source("/Users/coop2711/Documents/생활 속의 통계학/R.WD/horsekick2.r")
> plot(0:4,cumsum(horsekick.p),xlim=c(-0.5,4.5),ylim=c(0,1),xlab="No. of Deaths",ylab="cdf")
> abline(v=0:5, lty=2)
> lines(c(0,1),rep(cumsum(horsekick.p)[1],2),lty=2)
> lines(c(0,2),rep(cumsum(horsekick.p)[2],2),lty=2)
> lines(c(0,3),rep(cumsum(horsekick.p)[3],2),lty=2)
> lines(c(0,4),rep(cumsum(horsekick.p)[4],2),lty=2)
> lines(c(0,4.5),rep(cumsum(horsekick.p)[5],2),lty=2)
> polygon(c(0,1,1,0),c(rep(cumsum(horsekick.p)[1],2),rep(cumsum(horsekick.p)[2],2)), density=10, angle=15)
> polygon(c(0,2,2,0),c(rep(cumsum(horsekick.p)[2],2),rep(cumsum(horsekick.p)[3],2)), density=10, angle=165)
> polygon(c(0,3,3,0),c(rep(cumsum(horsekick.p)[3],2),rep(cumsum(horsekick.p)[4],2)), density=10, angle=30)
> polygon(c(0,4,4,0),c(rep(cumsum(horsekick.p)[4],2),rep(cumsum(horsekick.p)[5],2)), density=10, angle=150)
> source("/Users/coop2711/Documents/생활 속의 통계학/R.WD/horsekick2.r")
> source("/Users/coop2711/Documents/생활 속의 통계학/R.WD/horsekick2.r")
> par(mfrow=c(2,1))
> source("/Users/coop2711/Documents/생활 속의 통계학/R.WD/horsekick.r")
> source("/Users/coop2711/Documents/생활 속의 통계학/R.WD/horsekick2.r")
> source("/Users/coop2711/Documents/생활 속의 통계학/R.WD/horsekick2.r")
> source("/Users/coop2711/Documents/생활 속의 통계학/R.WD/horsekick2.r")
> par(mfrow=c(2,2))
> source("/Users/coop2711/Documents/생활 속의 통계학/R.WD/horsekick.r")
> source("/Users/coop2711/Documents/생활 속의 통계학/R.WD/horsekick2.r")
> source("/Users/coop2711/Documents/생활 속의 통계학/R.WD/horsekick.r")
> source("/Users/coop2711/Documents/생활 속의 통계학/R.WD/horsekick2.r")
> pdf(file="../horsekick1.pdf", width=7, height=7)
> source("/Users/coop2711/Documents/생활 속의 통계학/R.WD/horsekick.r")
> dev.off()
quartz 
     2 
> pdf(file="../horsekick2.pdf", width=7, height=7)
> source("/Users/coop2711/Documents/생활 속의 통계학/R.WD/horsekick2.r")
> dev.off()
quartz 
     2 
> getwd()
[1] "/Users/coop2711/Documents/통계분석사례연구/R.WD"
> lifetable<-read.table("lifetable.txt",header=FALSE)
> lifetable
       V1    V2    V3      V4      V5      V6      V7      V8      V9
1   81.44 77.95 84.64 0.00291 0.00314 0.00267 100,000 100,000 100,000
2   80.68 77.19 83.86 0.00031 0.00035 0.00027  99,709  99,686  99,733
3   79.71 76.22 82.89 0.00022 0.00026 0.00019  99,678  99,651  99,706
4   78.72 75.24 81.90 0.00016 0.00019 0.00014  99,656  99,625  99,687
5   77.74 74.25 80.91 0.00013 0.00015 0.00012  99,639  99,607  99,674
6   76.75 73.27 79.92 0.00012 0.00014 0.00011  99,626  99,592  99,662
7   75.76 72.28 78.93 0.00012 0.00014 0.00011  99,614  99,579  99,651
8   74.77 71.28 77.94 0.00011 0.00013 0.00010  99,602  99,565  99,640
9   73.78 70.29 76.95 0.00011 0.00012 0.00010  99,590  99,553  99,630
10  72.78 69.30 75.95 0.00010 0.00010 0.00009  99,580  99,541  99,621
11  71.79 68.31 74.96 0.00009 0.00010 0.00009  99,570  99,531  99,611
12  70.80 67.32 73.97 0.00009 0.00010 0.00007  99,561  99,521  99,603
13  69.80 66.32 72.97 0.00009 0.00012 0.00006  99,552  99,511  99,595
14  68.81 65.33 71.98 0.00011 0.00015 0.00008  99,542  99,499  99,589
15  67.82 64.34 70.98 0.00015 0.00017 0.00012  99,531  99,484  99,581
16  66.83 63.35 69.99 0.00019 0.00022 0.00015  99,517  99,467  99,570
17  65.84 62.36 69.00 0.00023 0.00027 0.00018  99,498  99,445  99,554
18  64.85 61.38 68.01 0.00026 0.00033 0.00018  99,475  99,418  99,537
19  63.87 60.40 67.03 0.00029 0.00038 0.00019  99,449  99,385  99,518
20  62.89 59.42 66.04 0.00031 0.00042 0.00019  99,420  99,347  99,500
21  61.91 58.45 65.05 0.00033 0.00044 0.00021  99,389  99,306  99,480
22  60.93 57.47 64.07 0.00036 0.00047 0.00024  99,356  99,262  99,459
23  59.95 56.50 63.08 0.00039 0.00050 0.00026  99,320  99,216  99,435
24  58.97 55.53 62.10 0.00042 0.00054 0.00028  99,282  99,166  99,409
25  58.00 54.56 61.11 0.00045 0.00058 0.00030  99,240  99,113  99,381
26  57.02 53.59 60.13 0.00047 0.00061 0.00032  99,196  99,055  99,351
27  56.05 52.62 59.15 0.00049 0.00063 0.00033  99,149  98,994  99,319
28  55.08 51.66 58.17 0.00050 0.00064 0.00035  99,101  98,932  99,286
29  54.11 50.69 57.19 0.00053 0.00066 0.00039  99,051  98,868  99,251
30  53.13 49.72 56.21 0.00056 0.00068 0.00043  98,998  98,803  99,212
31  52.16 48.76 55.24 0.00060 0.00073 0.00047  98,943  98,736  99,170
32  51.19 47.79 54.26 0.00065 0.00080 0.00050  98,883  98,663  99,123
33  50.23 46.83 53.29 0.00069 0.00086 0.00052  98,819  98,585  99,074
34  49.26 45.87 52.32 0.00073 0.00091 0.00053  98,750  98,500  99,022
35  48.30 44.91 51.35 0.00076 0.00096 0.00054  98,678  98,410  98,969
36  47.33 43.95 50.37 0.00079 0.00102 0.00055  98,604  98,316  98,916
37  46.37 43.00 49.40 0.00084 0.00110 0.00057  98,526  98,215  98,861
38  45.41 42.04 48.43 0.00090 0.00119 0.00059  98,443  98,107  98,806
39  44.45 41.09 47.46 0.00096 0.00129 0.00063  98,355  97,990  98,747
40  43.49 40.15 46.49 0.00104 0.00139 0.00067  98,260  97,864  98,685
41  42.54 39.20 45.52 0.00112 0.00150 0.00073  98,158  97,727  98,619
42  41.58 38.26 44.55 0.00123 0.00164 0.00081  98,048  97,581  98,546
43  40.64 37.32 43.59 0.00136 0.00183 0.00089  97,927  97,421  98,467
44  39.69 36.39 42.62 0.00152 0.00207 0.00096  97,793  97,243  98,379
45  38.75 35.46 41.66 0.00170 0.00234 0.00103  97,644  97,042  98,285
46  37.81 34.55 40.71 0.00187 0.00261 0.00109  97,478  96,815  98,184
47  36.88 33.63 39.75 0.00203 0.00286 0.00116  97,296  96,562  98,076
48  35.96 32.73 38.80 0.00218 0.00311 0.00122  97,099  96,286  97,963
49  35.04 31.83 37.84 0.00236 0.00340 0.00128  96,887  95,986  97,843
50  34.12 30.94 36.89 0.00257 0.00374 0.00135  96,658  95,660  97,717
51  33.20 30.05 35.94 0.00280 0.00411 0.00145  96,409  95,303  97,585
52  32.30 29.17 34.99 0.00303 0.00448 0.00157  96,139  94,911  97,444
53  31.39 28.30 34.05 0.00327 0.00485 0.00169  95,847  94,486  97,291
54  30.49 27.44 33.10 0.00351 0.00521 0.00181  95,534  94,028  97,127
55  29.60 26.58 32.16 0.00377 0.00561 0.00191  95,199  93,538  96,951
56  28.71 25.73 31.22 0.00402 0.00603 0.00199  94,840  93,013  96,766
57  27.82 24.88 30.28 0.00427 0.00646 0.00211  94,458  92,452  96,573
58  26.94 24.04 29.35 0.00454 0.00690 0.00227  94,054  91,855  96,369
59  26.06 23.20 28.41 0.00487 0.00740 0.00246  93,627  91,221  96,151
60  25.19 22.37 27.48 0.00528 0.00798 0.00268  93,171  90,546  95,914
61  24.32 21.55 26.55 0.00575 0.00866 0.00291  92,679  89,823  95,657
62  23.46 20.73 25.63 0.00626 0.00938 0.00318  92,146  89,046  95,379
63  22.60 19.92 24.71 0.00684 0.01018 0.00351  91,570  88,211  95,075
64  21.75 19.12 23.80 0.00741 0.01099 0.00386  90,944  87,312  94,742
65  20.91 18.33 22.89 0.00800 0.01184 0.00425  90,270  86,353  94,376
66  20.08 17.54 21.98 0.00859 0.01275 0.00469  89,548  85,330  93,974
67  19.25 16.76 21.08 0.00926 0.01380 0.00521  88,779  84,243  93,534
68  18.42 15.99 20.19 0.01026 0.01527 0.00592  87,957  83,080  93,046
69  17.61 15.23 19.31 0.01161 0.01726 0.00682  87,055  81,811  92,496
70  16.81 14.49 18.44 0.01329 0.01966 0.00793  86,044  80,399  91,865
71  16.03 13.77 17.58 0.01508 0.02222 0.00915  84,900  78,818  91,136
72  15.27 13.07 16.74 0.01687 0.02477 0.01047  83,620  77,067  90,302
73  14.52 12.39 15.91 0.01877 0.02754 0.01193  82,209  75,158  89,357
74  13.79 11.73 15.10 0.02097 0.03068 0.01361  80,666  73,088  88,291
75  13.07 11.08 14.30 0.02367 0.03451 0.01559  78,975  70,846  87,089
76  12.38 10.46 13.52 0.02675 0.03885 0.01791  77,106  68,401  85,731
77  11.70  9.86 12.75 0.03004 0.04339 0.02063  75,043  65,744  84,195
78  11.05  9.29 12.01 0.03368 0.04822 0.02394  72,789  62,891  82,458
79  10.42  8.73 11.29 0.03775 0.05358 0.02775  70,338  59,858  80,484
80   9.81  8.20 10.60 0.04242 0.05977 0.03219  67,683  56,650  78,251
81   9.22  7.69  9.94 0.04782 0.06709 0.03727  64,812  53,265  75,732
82   8.66  7.20  9.30 0.05386 0.07504 0.04294  61,712  49,691  72,910
83   8.12  6.75  8.70 0.06027 0.08347 0.04917  58,388  45,962  69,779
84   7.61  6.32  8.12 0.06736 0.09255 0.05624  54,869  42,125  66,348
85   7.12  5.91  7.58 0.07561 0.10316 0.06436  51,173  38,227  62,617
86   6.66  5.53  7.06 0.08444 0.11400 0.07319  47,304  34,284  58,587
87   6.23  5.18  6.58 0.09399 0.12552 0.08284  43,310  30,375  54,299
88   5.83  4.85  6.13 0.10428 0.13771 0.09333  39,239  26,563  49,801
89   5.45  4.55  5.71 0.11531 0.15055 0.10467  35,147  22,905  45,153
90   5.09  4.27  5.32 0.12709 0.16399 0.11686  31,094  19,456  40,426
91   4.76  4.00  4.96 0.13962 0.17799 0.12985  27,142  16,266  35,702
92   4.45  3.76  4.62 0.15287 0.19248 0.14364  23,353  13,371  31,066
93   4.17  3.54  4.31 0.16683 0.20741 0.15816  19,783  10,797  26,604
94   3.90  3.34  4.03 0.18146 0.22270 0.17334  16,483   8,558  22,396
95   3.65  3.15  3.77 0.19673 0.23825 0.18912  13,492   6,652  18,514
96   3.43  2.98  3.53 0.21258 0.25397 0.20538  10,837   5,067  15,013
97   3.22  2.82  3.32 0.22894 0.26975 0.22201   8,534   3,780  11,930
98   3.02  2.68  3.12 0.24576 0.28548 0.23890   6,580   2,760   9,281
99   2.85  2.55  2.94 0.26295 0.30105 0.25588   4,963   1,972   7,064
100  2.68  2.44  2.78 0.28041 0.31633 0.27282   3,658   1,379   5,256
101  2.53  2.33  2.64 1.00000 1.00000 1.00000   2,632     943   3,822
> dimnames(lifetable)[[1]]<-0:100
> lifetable
       V1    V2    V3      V4      V5      V6      V7      V8      V9
0   81.44 77.95 84.64 0.00291 0.00314 0.00267 100,000 100,000 100,000
1   80.68 77.19 83.86 0.00031 0.00035 0.00027  99,709  99,686  99,733
2   79.71 76.22 82.89 0.00022 0.00026 0.00019  99,678  99,651  99,706
3   78.72 75.24 81.90 0.00016 0.00019 0.00014  99,656  99,625  99,687
4   77.74 74.25 80.91 0.00013 0.00015 0.00012  99,639  99,607  99,674
5   76.75 73.27 79.92 0.00012 0.00014 0.00011  99,626  99,592  99,662
6   75.76 72.28 78.93 0.00012 0.00014 0.00011  99,614  99,579  99,651
7   74.77 71.28 77.94 0.00011 0.00013 0.00010  99,602  99,565  99,640
8   73.78 70.29 76.95 0.00011 0.00012 0.00010  99,590  99,553  99,630
9   72.78 69.30 75.95 0.00010 0.00010 0.00009  99,580  99,541  99,621
10  71.79 68.31 74.96 0.00009 0.00010 0.00009  99,570  99,531  99,611
11  70.80 67.32 73.97 0.00009 0.00010 0.00007  99,561  99,521  99,603
12  69.80 66.32 72.97 0.00009 0.00012 0.00006  99,552  99,511  99,595
13  68.81 65.33 71.98 0.00011 0.00015 0.00008  99,542  99,499  99,589
14  67.82 64.34 70.98 0.00015 0.00017 0.00012  99,531  99,484  99,581
15  66.83 63.35 69.99 0.00019 0.00022 0.00015  99,517  99,467  99,570
16  65.84 62.36 69.00 0.00023 0.00027 0.00018  99,498  99,445  99,554
17  64.85 61.38 68.01 0.00026 0.00033 0.00018  99,475  99,418  99,537
18  63.87 60.40 67.03 0.00029 0.00038 0.00019  99,449  99,385  99,518
19  62.89 59.42 66.04 0.00031 0.00042 0.00019  99,420  99,347  99,500
20  61.91 58.45 65.05 0.00033 0.00044 0.00021  99,389  99,306  99,480
21  60.93 57.47 64.07 0.00036 0.00047 0.00024  99,356  99,262  99,459
22  59.95 56.50 63.08 0.00039 0.00050 0.00026  99,320  99,216  99,435
23  58.97 55.53 62.10 0.00042 0.00054 0.00028  99,282  99,166  99,409
24  58.00 54.56 61.11 0.00045 0.00058 0.00030  99,240  99,113  99,381
25  57.02 53.59 60.13 0.00047 0.00061 0.00032  99,196  99,055  99,351
26  56.05 52.62 59.15 0.00049 0.00063 0.00033  99,149  98,994  99,319
27  55.08 51.66 58.17 0.00050 0.00064 0.00035  99,101  98,932  99,286
28  54.11 50.69 57.19 0.00053 0.00066 0.00039  99,051  98,868  99,251
29  53.13 49.72 56.21 0.00056 0.00068 0.00043  98,998  98,803  99,212
30  52.16 48.76 55.24 0.00060 0.00073 0.00047  98,943  98,736  99,170
31  51.19 47.79 54.26 0.00065 0.00080 0.00050  98,883  98,663  99,123
32  50.23 46.83 53.29 0.00069 0.00086 0.00052  98,819  98,585  99,074
33  49.26 45.87 52.32 0.00073 0.00091 0.00053  98,750  98,500  99,022
34  48.30 44.91 51.35 0.00076 0.00096 0.00054  98,678  98,410  98,969
35  47.33 43.95 50.37 0.00079 0.00102 0.00055  98,604  98,316  98,916
36  46.37 43.00 49.40 0.00084 0.00110 0.00057  98,526  98,215  98,861
37  45.41 42.04 48.43 0.00090 0.00119 0.00059  98,443  98,107  98,806
38  44.45 41.09 47.46 0.00096 0.00129 0.00063  98,355  97,990  98,747
39  43.49 40.15 46.49 0.00104 0.00139 0.00067  98,260  97,864  98,685
40  42.54 39.20 45.52 0.00112 0.00150 0.00073  98,158  97,727  98,619
41  41.58 38.26 44.55 0.00123 0.00164 0.00081  98,048  97,581  98,546
42  40.64 37.32 43.59 0.00136 0.00183 0.00089  97,927  97,421  98,467
43  39.69 36.39 42.62 0.00152 0.00207 0.00096  97,793  97,243  98,379
44  38.75 35.46 41.66 0.00170 0.00234 0.00103  97,644  97,042  98,285
45  37.81 34.55 40.71 0.00187 0.00261 0.00109  97,478  96,815  98,184
46  36.88 33.63 39.75 0.00203 0.00286 0.00116  97,296  96,562  98,076
47  35.96 32.73 38.80 0.00218 0.00311 0.00122  97,099  96,286  97,963
48  35.04 31.83 37.84 0.00236 0.00340 0.00128  96,887  95,986  97,843
49  34.12 30.94 36.89 0.00257 0.00374 0.00135  96,658  95,660  97,717
50  33.20 30.05 35.94 0.00280 0.00411 0.00145  96,409  95,303  97,585
51  32.30 29.17 34.99 0.00303 0.00448 0.00157  96,139  94,911  97,444
52  31.39 28.30 34.05 0.00327 0.00485 0.00169  95,847  94,486  97,291
53  30.49 27.44 33.10 0.00351 0.00521 0.00181  95,534  94,028  97,127
54  29.60 26.58 32.16 0.00377 0.00561 0.00191  95,199  93,538  96,951
55  28.71 25.73 31.22 0.00402 0.00603 0.00199  94,840  93,013  96,766
56  27.82 24.88 30.28 0.00427 0.00646 0.00211  94,458  92,452  96,573
57  26.94 24.04 29.35 0.00454 0.00690 0.00227  94,054  91,855  96,369
58  26.06 23.20 28.41 0.00487 0.00740 0.00246  93,627  91,221  96,151
59  25.19 22.37 27.48 0.00528 0.00798 0.00268  93,171  90,546  95,914
60  24.32 21.55 26.55 0.00575 0.00866 0.00291  92,679  89,823  95,657
61  23.46 20.73 25.63 0.00626 0.00938 0.00318  92,146  89,046  95,379
62  22.60 19.92 24.71 0.00684 0.01018 0.00351  91,570  88,211  95,075
63  21.75 19.12 23.80 0.00741 0.01099 0.00386  90,944  87,312  94,742
64  20.91 18.33 22.89 0.00800 0.01184 0.00425  90,270  86,353  94,376
65  20.08 17.54 21.98 0.00859 0.01275 0.00469  89,548  85,330  93,974
66  19.25 16.76 21.08 0.00926 0.01380 0.00521  88,779  84,243  93,534
67  18.42 15.99 20.19 0.01026 0.01527 0.00592  87,957  83,080  93,046
68  17.61 15.23 19.31 0.01161 0.01726 0.00682  87,055  81,811  92,496
69  16.81 14.49 18.44 0.01329 0.01966 0.00793  86,044  80,399  91,865
70  16.03 13.77 17.58 0.01508 0.02222 0.00915  84,900  78,818  91,136
71  15.27 13.07 16.74 0.01687 0.02477 0.01047  83,620  77,067  90,302
72  14.52 12.39 15.91 0.01877 0.02754 0.01193  82,209  75,158  89,357
73  13.79 11.73 15.10 0.02097 0.03068 0.01361  80,666  73,088  88,291
74  13.07 11.08 14.30 0.02367 0.03451 0.01559  78,975  70,846  87,089
75  12.38 10.46 13.52 0.02675 0.03885 0.01791  77,106  68,401  85,731
76  11.70  9.86 12.75 0.03004 0.04339 0.02063  75,043  65,744  84,195
77  11.05  9.29 12.01 0.03368 0.04822 0.02394  72,789  62,891  82,458
78  10.42  8.73 11.29 0.03775 0.05358 0.02775  70,338  59,858  80,484
79   9.81  8.20 10.60 0.04242 0.05977 0.03219  67,683  56,650  78,251
80   9.22  7.69  9.94 0.04782 0.06709 0.03727  64,812  53,265  75,732
81   8.66  7.20  9.30 0.05386 0.07504 0.04294  61,712  49,691  72,910
82   8.12  6.75  8.70 0.06027 0.08347 0.04917  58,388  45,962  69,779
83   7.61  6.32  8.12 0.06736 0.09255 0.05624  54,869  42,125  66,348
84   7.12  5.91  7.58 0.07561 0.10316 0.06436  51,173  38,227  62,617
85   6.66  5.53  7.06 0.08444 0.11400 0.07319  47,304  34,284  58,587
86   6.23  5.18  6.58 0.09399 0.12552 0.08284  43,310  30,375  54,299
87   5.83  4.85  6.13 0.10428 0.13771 0.09333  39,239  26,563  49,801
88   5.45  4.55  5.71 0.11531 0.15055 0.10467  35,147  22,905  45,153
89   5.09  4.27  5.32 0.12709 0.16399 0.11686  31,094  19,456  40,426
90   4.76  4.00  4.96 0.13962 0.17799 0.12985  27,142  16,266  35,702
91   4.45  3.76  4.62 0.15287 0.19248 0.14364  23,353  13,371  31,066
92   4.17  3.54  4.31 0.16683 0.20741 0.15816  19,783  10,797  26,604
93   3.90  3.34  4.03 0.18146 0.22270 0.17334  16,483   8,558  22,396
94   3.65  3.15  3.77 0.19673 0.23825 0.18912  13,492   6,652  18,514
95   3.43  2.98  3.53 0.21258 0.25397 0.20538  10,837   5,067  15,013
96   3.22  2.82  3.32 0.22894 0.26975 0.22201   8,534   3,780  11,930
97   3.02  2.68  3.12 0.24576 0.28548 0.23890   6,580   2,760   9,281
98   2.85  2.55  2.94 0.26295 0.30105 0.25588   4,963   1,972   7,064
99   2.68  2.44  2.78 0.28041 0.31633 0.27282   3,658   1,379   5,256
100  2.53  2.33  2.64 1.00000 1.00000 1.00000   2,632     943   3,822
> dimnames(lifetable)[[2]]<-c("e0x","e0x.m","e0x.f","qx","qx.m","qx.f","lx","lx.m","lx.f")
> heads(lifetable)
에러: 함수 "heads"를 찾을 수 없습니다
> head(lifetable)
    e0x e0x.m e0x.f      qx    qx.m    qx.f      lx    lx.m    lx.f
0 81.44 77.95 84.64 0.00291 0.00314 0.00267 100,000 100,000 100,000
1 80.68 77.19 83.86 0.00031 0.00035 0.00027  99,709  99,686  99,733
2 79.71 76.22 82.89 0.00022 0.00026 0.00019  99,678  99,651  99,706
3 78.72 75.24 81.90 0.00016 0.00019 0.00014  99,656  99,625  99,687
4 77.74 74.25 80.91 0.00013 0.00015 0.00012  99,639  99,607  99,674
5 76.75 73.27 79.92 0.00012 0.00014 0.00011  99,626  99,592  99,662
> lifetable(,"lx")
에러: 함수 "lifetable"를 찾을 수 없습니다
> lifetable[],"lx"]
에러: 예기치 않은 ','입니다 in "lifetable[],"
> lifetable[,"lx"]
  [1] 100,000 99,709  99,678  99,656  99,639  99,626  99,614  99,602  99,590  99,580  99,570  99,561  99,552  99,542  99,531 
 [16] 99,517  99,498  99,475  99,449  99,420  99,389  99,356  99,320  99,282  99,240  99,196  99,149  99,101  99,051  98,998 
 [31] 98,943  98,883  98,819  98,750  98,678  98,604  98,526  98,443  98,355  98,260  98,158  98,048  97,927  97,793  97,644 
 [46] 97,478  97,296  97,099  96,887  96,658  96,409  96,139  95,847  95,534  95,199  94,840  94,458  94,054  93,627  93,171 
 [61] 92,679  92,146  91,570  90,944  90,270  89,548  88,779  87,957  87,055  86,044  84,900  83,620  82,209  80,666  78,975 
 [76] 77,106  75,043  72,789  70,338  67,683  64,812  61,712  58,388  54,869  51,173  47,304  43,310  39,239  35,147  31,094 
 [91] 27,142  23,353  19,783  16,483  13,492  10,837  8,534   6,580   4,963   3,658   2,632  
101 Levels: 10,837 100,000 13,492 16,483 19,783 2,632 23,353 27,142 3,658 31,094 35,147 39,239 4,963 43,310 47,304 ... 99,709
> lifetable<-read.table("lifetable.txt",header=FALSE)
> dimnames(lifetable)[[1]]<-0:100
> dimnames(lifetable)[[2]]<-c("e0x","e0x.m","e0x.f","qx","qx.m","qx.f","lx","lx.m","lx.f")
> head(lifetable)
    e0x e0x.m e0x.f      qx    qx.m    qx.f     lx   lx.m   lx.f
0 81.44 77.95 84.64 0.00291 0.00314 0.00267 100000 100000 100000
1 80.68 77.19 83.86 0.00031 0.00035 0.00027  99709  99686  99733
2 79.71 76.22 82.89 0.00022 0.00026 0.00019  99678  99651  99706
3 78.72 75.24 81.90 0.00016 0.00019 0.00014  99656  99625  99687
4 77.74 74.25 80.91 0.00013 0.00015 0.00012  99639  99607  99674
5 76.75 73.27 79.92 0.00012 0.00014 0.00011  99626  99592  99662
> lifetable[,"lx"]
  [1] 100000  99709  99678  99656  99639  99626  99614  99602  99590  99580  99570  99561  99552  99542  99531  99517  99498
 [18]  99475  99449  99420  99389  99356  99320  99282  99240  99196  99149  99101  99051  98998  98943  98883  98819  98750
 [35]  98678  98604  98526  98443  98355  98260  98158  98048  97927  97793  97644  97478  97296  97099  96887  96658  96409
 [52]  96139  95847  95534  95199  94840  94458  94054  93627  93171  92679  92146  91570  90944  90270  89548  88779  87957
 [69]  87055  86044  84900  83620  82209  80666  78975  77106  75043  72789  70338  67683  64812  61712  58388  54869  51173
 [86]  47304  43310  39239  35147  31094  27142  23353  19783  16483  13492  10837   8534   6580   4963   3658   2632
> ?diff
> diff(head(lifetable))
다음에 오류가 있습니다r[i1] - r[-length(r):-(length(r) - lag + 1L)] : 
  이항연산자에 수치가 아닌 인수입니다
> diff(lifetable[,"lx"])
  [1]  -291   -31   -22   -17   -13   -12   -12   -12   -10   -10    -9    -9   -10   -11   -14   -19   -23   -26   -29   -31
 [21]   -33   -36   -38   -42   -44   -47   -48   -50   -53   -55   -60   -64   -69   -72   -74   -78   -83   -88   -95  -102
 [41]  -110  -121  -134  -149  -166  -182  -197  -212  -229  -249  -270  -292  -313  -335  -359  -382  -404  -427  -456  -492
 [61]  -533  -576  -626  -674  -722  -769  -822  -902 -1011 -1144 -1280 -1411 -1543 -1691 -1869 -2063 -2254 -2451 -2655 -2871
 [81] -3100 -3324 -3519 -3696 -3869 -3994 -4071 -4092 -4053 -3952 -3789 -3570 -3300 -2991 -2655 -2303 -1954 -1617 -1305 -1026
> -diff(lifetable[,"lx"])
  [1]  291   31   22   17   13   12   12   12   10   10    9    9   10   11   14   19   23   26   29   31   33   36   38   42
 [25]   44   47   48   50   53   55   60   64   69   72   74   78   83   88   95  102  110  121  134  149  166  182  197  212
 [49]  229  249  270  292  313  335  359  382  404  427  456  492  533  576  626  674  722  769  822  902 1011 1144 1280 1411
 [73] 1543 1691 1869 2063 2254 2451 2655 2871 3100 3324 3519 3696 3869 3994 4071 4092 4053 3952 3789 3570 3300 2991 2655 2303
 [97] 1954 1617 1305 1026
> -diff(lifetable[,"lx"])/lifetable[,"lx"][1:100]
  [1] 2.910000e-03 3.109047e-04 2.207107e-04 1.705868e-04 1.304710e-04 1.204505e-04 1.204650e-04 1.204795e-04 1.004117e-04
 [10] 1.004218e-04 9.038867e-05 9.039684e-05 1.004500e-04 1.105061e-04 1.406597e-04 1.909222e-04 2.311604e-04 2.613722e-04
 [19] 2.916068e-04 3.118085e-04 3.320287e-04 3.623334e-04 3.826017e-04 4.230374e-04 4.433696e-04 4.738094e-04 4.841199e-04
 [28] 5.045358e-04 5.350779e-04 5.555668e-04 6.064098e-04 6.472296e-04 6.982463e-04 7.291139e-04 7.499139e-04 7.910430e-04
 [37] 8.424172e-04 8.939183e-04 9.658889e-04 1.038062e-03 1.120642e-03 1.234089e-03 1.368366e-03 1.523626e-03 1.700053e-03
 [46] 1.867088e-03 2.024749e-03 2.183339e-03 2.363578e-03 2.576093e-03 2.800568e-03 3.037269e-03 3.265621e-03 3.506605e-03
 [55] 3.771048e-03 4.027836e-03 4.277033e-03 4.539945e-03 4.870390e-03 5.280613e-03 5.751033e-03 6.250950e-03 6.836300e-03
 [64] 7.411154e-03 7.998228e-03 8.587573e-03 9.258946e-03 1.025501e-02 1.161335e-02 1.329552e-02 1.507656e-02 1.687395e-02
 [73] 1.876923e-02 2.096298e-02 2.366572e-02 2.675538e-02 3.003611e-02 3.367267e-02 3.774631e-02 4.241833e-02 4.783065e-02
 [82] 5.386311e-02 6.026923e-02 6.736044e-02 7.560628e-02 8.443261e-02 9.399677e-02 1.042840e-01 1.153157e-01 1.270985e-01
 [91] 1.395991e-01 1.528712e-01 1.668099e-01 1.814597e-01 1.967833e-01 2.125127e-01 2.289665e-01 2.457447e-01 2.629458e-01
[100] 2.804811e-01
> plot(0:100,lifetable[,"lx"])
> plot(0:100,lifetable[,"lx"],type="l")
> plot(0:100,lifetable[,"lx.m"],type="l")
> lines(0:100,lifetable[,"lx.f"],lty=2)
> plot(0:100,lifetable[,"qx"],type="l")
> par(mfrow)
다음에 오류가 있습니다par(mfrow) : 객체 'mfrow'를 찾을 수 없습니다
> par()
$xlog
[1] FALSE

$ylog
[1] FALSE

$adj
[1] 0.5

$ann
[1] TRUE

$ask
[1] FALSE

$bg
[1] "transparent"

$bty
[1] "o"

$cex
[1] 0.83

$cex.axis
[1] 1

$cex.lab
[1] 1

$cex.main
[1] 1.2

$cex.sub
[1] 1

$cin
[1] 0.15 0.20

$col
[1] "black"

$col.axis
[1] "black"

$col.lab
[1] "black"

$col.main
[1] "black"

$col.sub
[1] "black"

$cra
[1] 10.8 14.4

$crt
[1] 0

$csi
[1] 0.166

$cxy
[1] 6.5565810 0.1199276

$din
[1] 7.00000 6.65625

$err
[1] 0

$family
[1] ""

$fg
[1] "black"

$fig
[1] 0.5 1.0 0.0 0.5

$fin
[1] 3.500000 3.328125

$font
[1] 1

$font.axis
[1] 1

$font.lab
[1] 1

$font.main
[1] 2

$font.sub
[1] 1

$lab
[1] 5 5 7

$las
[1] 0

$lend
[1] "round"

$lheight
[1] 1

$ljoin
[1] "round"

$lmitre
[1] 10

$lty
[1] "solid"

$lwd
[1] 1

$mai
[1] 0.8466 0.6806 0.6806 0.3486

$mar
[1] 5.1 4.1 4.1 2.1

$mex
[1] 1

$mfcol
[1] 2 2

$mfg
[1] 2 2 2 2

$mfrow
[1] 2 2

$mgp
[1] 3 1 0

$mkh
[1] 0.001

$new
[1] FALSE

$oma
[1] 0 0 0 0

$omd
[1] 0 1 0 1

$omi
[1] 0 0 0 0

$page
[1] TRUE

$pch
[1] 1

$pin
[1] 2.470800 1.800925

$plt
[1] 0.1944571 0.9004000 0.2543775 0.7955005

$ps
[1] 12

$pty
[1] "m"

$smo
[1] 1

$srt
[1] 0

$tck
[1] NA

$tcl
[1] -0.5

$usr
[1]  -4.0000000 104.0000000  -0.0399064   1.0399964

$xaxp
[1]   0 100   5

$xaxs
[1] "r"

$xaxt
[1] "s"

$xpd
[1] FALSE

$yaxp
[1] 0 1 5

$yaxs
[1] "r"

$yaxt
[1] "s"

$ylbias
[1] 0.2

> par$mfcol
다음에 오류가 있습니다par$mfcol : 객체의 타입 'closure'는 부분대입할 수 없습니다
> par()$mfcol
[1] 2 2
> par(mfcol=c(1,1))
> plot(0:100,lifetable[,"qx"],type="l",xlab="age",ylab="qx")
> plot(0:100,lifetable[,"lx.m"],type="l",xlab="age",ylab="lx")
> lines(0:100,lifetable[,"lx.f"],lty=2)
> legend(topright,legend=c("male","female"),lty=1:2)
다음에 오류가 있습니다legend(topright, legend = c("male", "female"), lty = 1:2) : 
  객체 'topright'를 찾을 수 없습니다
> legend("topright",legend=c("male","female"),lty=1:2)
> packages()
에러: 함수 "packages"를 찾을 수 없습니다
> package()
에러: 함수 "package"를 찾을 수 없습니다
> ?package
No documentation for ‘package’ in specified packages and libraries:
you could try ‘??package’
> ?packages
No documentation for ‘packages’ in specified packages and libraries:
you could try ‘??packages’
URL 'http://cran.nexr.com/bin/macosx/mavericks/contrib/3.1/ggplot2_1.0.0.tgz'을 시도합니다
Content type 'application/x-gzip' length 2661408 bytes (2.5 Mb)
URL을 열었습니다
==================================================
downloaded 2.5 Mb


다운로드된 바이너리 패키지들은 다음의 위치에 있습니다
	/var/folders/_h/tg1th9bd4h98rjjb5vy9gn3m0000gn/T//RtmpnQyrkg/downloaded_packages
> require(ggplot2)
필요한 패키지를 로딩중입니다: ggplot2
Error in loadNamespace(i, c(lib.loc, .libPaths()), versionCheck = vI[[i]]) : 
  ‘digest’이라고 불리는 패키지가 없습니다
URL 'http://cran.nexr.com/bin/macosx/mavericks/contrib/3.1/digest_0.6.4.tgz'을 시도합니다
Content type 'application/x-gzip' length 110500 bytes (107 Kb)
URL을 열었습니다
==================================================
downloaded 107 Kb


다운로드된 바이너리 패키지들은 다음의 위치에 있습니다
	/var/folders/_h/tg1th9bd4h98rjjb5vy9gn3m0000gn/T//RtmpnQyrkg/downloaded_packages
> require(ggplot2)
필요한 패키지를 로딩중입니다: ggplot2
Error in loadNamespace(i, c(lib.loc, .libPaths()), versionCheck = vI[[i]]) : 
  ‘gtable’이라고 불리는 패키지가 없습니다
URL 'http://cran.nexr.com/bin/macosx/mavericks/contrib/3.1/gtable_0.1.2.tgz'을 시도합니다
Content type 'application/x-gzip' length 62658 bytes (61 Kb)
URL을 열었습니다
==================================================
downloaded 61 Kb


다운로드된 바이너리 패키지들은 다음의 위치에 있습니다
	/var/folders/_h/tg1th9bd4h98rjjb5vy9gn3m0000gn/T//RtmpnQyrkg/downloaded_packages
> require(ggplot2)
필요한 패키지를 로딩중입니다: ggplot2
Error in loadNamespace(i, c(lib.loc, .libPaths()), versionCheck = vI[[i]]) : 
  ‘plyr’이라고 불리는 패키지가 없습니다
URL 'http://cran.nexr.com/bin/macosx/mavericks/contrib/3.1/plyr_1.8.1.tgz'을 시도합니다
Content type 'application/x-gzip' length 863410 bytes (843 Kb)
URL을 열었습니다
==================================================
downloaded 843 Kb


다운로드된 바이너리 패키지들은 다음의 위치에 있습니다
	/var/folders/_h/tg1th9bd4h98rjjb5vy9gn3m0000gn/T//RtmpnQyrkg/downloaded_packages
> require(ggplot2)
필요한 패키지를 로딩중입니다: ggplot2
Error in loadNamespace(j <- i[[1L]], c(lib.loc, .libPaths()), versionCheck = vI[[j]]) : 
  ‘Rcpp’이라고 불리는 패키지가 없습니다
> load.packages("ggplot2")
에러: 함수 "load.packages"를 찾을 수 없습니다
> load.package("ggplot2")
에러: 함수 "load.package"를 찾을 수 없습니다
> install.package("ggplot2")
에러: 함수 "install.package"를 찾을 수 없습니다
> install.packages("ggplot2")
also installing the dependencies ‘colorspace’, ‘stringr’, ‘Rcpp’, ‘RColorBrewer’, ‘dichromat’, ‘munsell’, ‘labeling’, ‘reshape2’, ‘scales’, ‘proto’

URL 'http://cran.nexr.com/bin/macosx/mavericks/contrib/3.1/colorspace_1.2-4.tgz'을 시도합니다
Content type 'application/x-gzip' length 391920 bytes (382 Kb)
URL을 열었습니다
==================================================
downloaded 382 Kb

URL 'http://cran.nexr.com/bin/macosx/mavericks/contrib/3.1/stringr_0.6.2.tgz'을 시도합니다
Content type 'application/x-gzip' length 72939 bytes (71 Kb)
URL을 열었습니다
==================================================
downloaded 71 Kb

URL 'http://cran.nexr.com/bin/macosx/mavericks/contrib/3.1/Rcpp_0.11.2.tgz'을 시도합니다
Content type 'application/x-gzip' length 2718706 bytes (2.6 Mb)
URL을 열었습니다
==================================================
downloaded 2.6 Mb

URL 'http://cran.nexr.com/bin/macosx/mavericks/contrib/3.1/RColorBrewer_1.0-5.tgz'을 시도합니다
Content type 'application/x-gzip' length 22881 bytes (22 Kb)
URL을 열었습니다
==================================================
downloaded 22 Kb

URL 'http://cran.nexr.com/bin/macosx/mavericks/contrib/3.1/dichromat_2.0-0.tgz'을 시도합니다
Content type 'application/x-gzip' length 145388 bytes (141 Kb)
URL을 열었습니다
==================================================
downloaded 141 Kb

URL 'http://cran.nexr.com/bin/macosx/mavericks/contrib/3.1/munsell_0.4.2.tgz'을 시도합니다
Content type 'application/x-gzip' length 126477 bytes (123 Kb)
URL을 열었습니다
==================================================
downloaded 123 Kb

URL 'http://cran.nexr.com/bin/macosx/mavericks/contrib/3.1/labeling_0.3.tgz'을 시도합니다
Content type 'application/x-gzip' length 38389 bytes (37 Kb)
URL을 열었습니다
==================================================
downloaded 37 Kb

URL 'http://cran.nexr.com/bin/macosx/mavericks/contrib/3.1/reshape2_1.4.tgz'을 시도합니다
Content type 'application/x-gzip' length 200234 bytes (195 Kb)
URL을 열었습니다
==================================================
downloaded 195 Kb

URL 'http://cran.nexr.com/bin/macosx/mavericks/contrib/3.1/scales_0.2.4.tgz'을 시도합니다
Content type 'application/x-gzip' length 154655 bytes (151 Kb)
URL을 열었습니다
==================================================
downloaded 151 Kb

URL 'http://cran.nexr.com/bin/macosx/mavericks/contrib/3.1/proto_0.3-10.tgz'을 시도합니다
Content type 'application/x-gzip' length 455037 bytes (444 Kb)
URL을 열었습니다
==================================================
downloaded 444 Kb

URL 'http://cran.nexr.com/bin/macosx/mavericks/contrib/3.1/ggplot2_1.0.0.tgz'을 시도합니다
Content type 'application/x-gzip' length 2661408 bytes (2.5 Mb)
URL을 열었습니다
==================================================
downloaded 2.5 Mb


다운로드된 바이너리 패키지들은 다음의 위치에 있습니다
	/var/folders/_h/tg1th9bd4h98rjjb5vy9gn3m0000gn/T//RtmpnQyrkg/downloaded_packages
> require(ggplot2)
필요한 패키지를 로딩중입니다: ggplot2
> ?diamonds
> head(diamonds)
  carat       cut color clarity depth table price    x    y    z
1  0.23     Ideal     E     SI2  61.5    55   326 3.95 3.98 2.43
2  0.21   Premium     E     SI1  59.8    61   326 3.89 3.84 2.31
3  0.23      Good     E     VS1  56.9    65   327 4.05 4.07 2.31
4  0.29   Premium     I     VS2  62.4    58   334 4.20 4.23 2.63
5  0.31      Good     J     SI2  63.3    58   335 4.34 4.35 2.75
6  0.24 Very Good     J    VVS2  62.8    57   336 3.94 3.96 2.48
> set.seed(1410)
> dsmall<-diamonds[sample(nrow(diamonds),100),]
> dsmall<-diamonds[sample(nrow(diamonds),100),]
> head(dsmall)
      carat       cut color clarity depth table price    x    y    z
52448  0.78 Very Good     F     SI2  63.0    57  2515 5.85 5.90 3.70
12536  1.21 Very Good     J     VS1  60.9    60  5267 6.87 6.90 4.19
30893  0.38 Very Good     E     VS2  60.4    58   744 4.67 4.70 2.83
17972  1.10     Ideal     H    VVS2  62.0    56  7267 6.59 6.63 4.10
53250  0.76   Premium     E     SI1  61.6    59  2644 5.83 5.79 3.58
21467  1.55     Ideal     D     SI1  61.7    57  9565 7.47 7.43 4.59
> qplot(carat,price, data=diamonds)
> qplot(log(carat),log(price), data=diamonds)
> qplot(carat,x*y*z, data=diamonds)
> qplot(0:100,lifetable[,"lx.m"])
> qplot(0:100,lifetable[,"lx.m"],data=lifetable,colour=colr)
다음에 오류가 있습니다eval(expr, envir, enclos) : 객체 'colr'를 찾을 수 없습니다
> qplot(0:100,lifetable[,"lx.m"],data=lifetable,colour=color)
다음에 오류가 있습니다eval(expr, envir, enclos) : 객체 'color'를 찾을 수 없습니다
> qplot(0:100,lifetable[,"lx.m"],data=lifetable,shape=cut)
Don't know how to automatically pick scale for object of type function. Defaulting to continuous
에러: A continuous variable can not be mapped to shape
> qplot(0:100,lifetable[,"lx.m"],data=lifetable,lty=1)
에러: A continuous variable can not be mapped to linetype
> qplot(0:100,lifetable[,"lx.m"],data=lifetable)
> qplot(carat,price, data=dsmall,colour=color)
> qplot(carat,price, data=dsmall,shape=cut)
> qplot(carat,price, data=diamonds, alpha=I(1/10))
> qplot(carat,price, data=diamonds, alpha=I(1/100))
> qplot(0:100,lifetable[,"lx.m"],data=lifetable,geom="smooth")
geom_smooth: method="auto" and size of largest group is <1000, so using loess. Use 'method = x' to change the smoothing method.
> qplot(0:100,lifetable[,"lx.m"],data=lifetable,geom="line")
> qplot(0:100,lifetable[,"lx.m"],data=lifetable,geom="point")
> qplot(0:100,lifetable[,"lx.m"],data=lifetable,geom="path")
> qplot(carat,price, data=dsmall,geom=c("point",smooth))
다음에 오류가 있습니다geom$default_stat : 
  객체의 타입 'closure'는 부분대입할 수 없습니다
> qplot(carat,price, data=dsmall,geom=c("point","smooth"))
geom_smooth: method="auto" and size of largest group is <1000, so using loess. Use 'method = x' to change the smoothing method.
> qplot(carat,price, data=diamonds,geom=c("point","smooth"))
geom_smooth: method="auto" and size of largest group is >=1000, so using gam with formula: y ~ s(x, bs = "cs"). Use 'method = x' to change the smoothing method.
> qplot(carat,price, data=dsmall,geom=c("point","smooth"),span=0.2)
geom_smooth: method="auto" and size of largest group is <1000, so using loess. Use 'method = x' to change the smoothing method.
> qplot(carat,price, data=dsmall,geom=c("point","smooth"),span=1)
geom_smooth: method="auto" and size of largest group is <1000, so using loess. Use 'method = x' to change the smoothing method.
> require(mgcv)
> library()
> library(mgcv)
> qplot(carat,price, data=dsmall,geom=c("point","smooth"),method="gam",formula=y~s(x))
> qplot(carat,price, data=dsmall,geom=c("point","smooth"),method="gam",formula=y~s(x, bs="cs"))
> ?s
> qplot(color, price/carat, data=diamonds,geom="jitter")
> qplot(color, price/carat, data=diamonds,geom="boxplot")
> qplot(carat, data=diamonds,geom="density",colour=color)
> qplot(carat, data=diamonds,geom="histogram",fill=color)
stat_bin: binwidth defaulted to range/30. Use 'binwidth = x' to adjust this.
> qplot(color, data=diamonds,geom="bar")
> qplot(color, data=diamonds,geom="bar", weight=carat) + scale_y_continuous("carat")
> qplot(date, unemploy/pop, data=economics, geom="line")
> qplot(date, unempmed, data=economics, geom="line")
다음에 오류가 있습니다eval(expr, envir, enclos) : 객체 'unempmed'를 찾을 수 없습니다
> qplot(date, uempmed, data=economics, geom="line")
> qplot(carat, data=diamonds, afcets=color ~ ., geom="histogram", binwidth=0.1, xlim=c(0,3))
> qplot(carat, data=diamonds, facets=color ~ ., geom="histogram", binwidth=0.1, xlim=c(0,3))
> qplot(displ,hwy, data=mpg, colour=factor(cyl))
> max(mpg[,"disp"])
다음에 오류가 있습니다`[.data.frame`(mpg, , "disp") : undefined columns selected
> str(mpg)
'data.frame':	234 obs. of  11 variables:
 $ manufacturer: Factor w/ 15 levels "audi","chevrolet",..: 1 1 1 1 1 1 1 1 1 1 ...
 $ model       : Factor w/ 38 levels "4runner 4wd",..: 2 2 2 2 2 2 2 3 3 3 ...
 $ displ       : num  1.8 1.8 2 2 2.8 2.8 3.1 1.8 1.8 2 ...
 $ year        : int  1999 1999 2008 2008 1999 1999 2008 1999 1999 2008 ...
 $ cyl         : int  4 4 4 4 6 6 6 4 4 4 ...
 $ trans       : Factor w/ 10 levels "auto(av)","auto(l3)",..: 4 9 10 1 4 9 1 9 4 10 ...
 $ drv         : Factor w/ 3 levels "4","f","r": 2 2 2 2 2 2 2 1 1 1 ...
 $ cty         : int  18 21 20 21 16 18 18 18 16 20 ...
 $ hwy         : int  29 29 31 30 26 26 27 26 25 28 ...
 $ fl          : Factor w/ 5 levels "c","d","e","p",..: 4 4 4 4 4 4 4 4 4 4 ...
 $ class       : Factor w/ 7 levels "2seater","compact",..: 2 2 2 2 2 2 2 2 2 2 ...
> max(mpg[,"displ"])
[1] 7
> qplot(mpg[,"displ"])
stat_bin: binwidth defaulted to range/30. Use 'binwidth = x' to adjust this.
> qplot(mpg[,"displ"],geom="smooth")
에러: stat_smooth requires the following missing aesthetics: y
> qplot(mpg[,"displ"],geom="boxplot")
에러: stat_boxplot requires the following missing aesthetics: y
> qplot(mpg[,"displ"],geom="bar")
stat_bin: binwidth defaulted to range/30. Use 'binwidth = x' to adjust this.
> qplot(displ, data=mpg, geom="boxplot")
에러: stat_boxplot requires the following missing aesthetics: y
> qplot(displ, class,data=mpg, geom="boxplot")
경고메시지:
1: position_dodge requires constant width: output may be incorrect 
2: position_dodge requires non-overlapping x intervals 
> qplot(class, displ, data=mpg, geom="boxplot")
> qplot(1, displ, data=mpg, geom="boxplot")
> qplot(displ, hwy, data=mpg, facets=.~year)+geom_smooth()
geom_smooth: method="auto" and size of largest group is <1000, so using loess. Use 'method = x' to change the smoothing method.
geom_smooth: method="auto" and size of largest group is <1000, so using loess. Use 'method = x' to change the smoothing method.
> qplot(displ, hwy, data=mpg, colour=factor(cyl))
> p<-qplot(displ, hwy, data=mpg, colour=factor(cyl))
> summary(p)
data: manufacturer, model, displ, year, cyl, trans, drv, cty, hwy, fl, class [234x11]
mapping:  colour = factor(cyl), x = displ, y = hwy
faceting: facet_null() 
-----------------------------------
geom_point:  
stat_identity:  
position_identity: (width = NULL, height = NULL)

> save(p, file="plot.rda")
> getwd()
[1] "/Users/coop2711/Documents/통계분석사례연구/R.WD"
> ggsave("../plot.png", width-5,height=5)
다음에 오류가 있습니다inherits(plot, "ggplot") : 객체 'width'를 찾을 수 없습니다
> ggsave("../plot.png", width=5,height=5)
> ls()
 [1] "a"                 "cx"                "dsmall"            "gdp"               "gdp_capita"        "grdp_gw"          
 [7] "grdp_gw_capita"    "grdp_yg"           "horsekick"         "horsekick.p"       "jobs"              "jobs.bus"         
[13] "jobs.kr"           "jobs.specialty"    "jobs.village"      "lifetable"         "p"                 "p.x"              
[19] "pop_gw"            "rate.gdp"          "rate.grdp"         "rate.grdp_yg"      "revenue"           "revenue.bus"      
[25] "revenue.specialty" "v"                 "x"                 "year"             
> str(lifetable)
'data.frame':	101 obs. of  9 variables:
 $ e0x  : num  81.4 80.7 79.7 78.7 77.7 ...
 $ e0x.m: num  78 77.2 76.2 75.2 74.2 ...
 $ e0x.f: num  84.6 83.9 82.9 81.9 80.9 ...
 $ qx   : num  0.00291 0.00031 0.00022 0.00016 0.00013 0.00012 0.00012 0.00011 0.00011 0.0001 ...
 $ qx.m : num  0.00314 0.00035 0.00026 0.00019 0.00015 0.00014 0.00014 0.00013 0.00012 0.0001 ...
 $ qx.f : num  0.00267 0.00027 0.00019 0.00014 0.00012 0.00011 0.00011 0.0001 0.0001 0.00009 ...
 $ lx   : int  100000 99709 99678 99656 99639 99626 99614 99602 99590 99580 ...
 $ lx.m : int  100000 99686 99651 99625 99607 99592 99579 99565 99553 99541 ...
 $ lx.f : int  100000 99733 99706 99687 99674 99662 99651 99640 99630 99621 ...
> qplot(0:100,lx,data=lifetable)
> qplot(0:100,lx,data=lifetable,geom="line")
> qplot(0:100,lx,data=lifetable,geom="line",colour="red")
> qplot(0:100,lx.m, lx.f,data=lifetable,geom="line",colour="red")
> qplot(0:100, lx.m, data=lifetable,geom="line")
> ggplot(diamonds, aes(carat, price, colour= cut))
에러: No layers in plot
> p<-ggplot(diamonds, aes(carat, price, colour= cut))
> p<-p+layer(geom="point")
> p
> p<-ggplot(diamonds, aes(x=carat))
> p<-p+layer(geom="bar", geom_params=list(fill="steelblue"), stat="bin", stat_params=list(binwidth=2))
> p
> p<-p+layer(geom="bar", geom_params=list(fill="steelblue"), stat="bin", stat_params=list(binwidth=0.2))
> p
> p<-p+layer(geom="bar", geom_params=list(fill="steelblue"), stat="bin", stat_params=list(binwidth=1))
> p
> p<-p+layer(geom="bar", geom_params=list(fill="steelblue"), stat="bin", stat_params=list(binwidth=4))
> p
> p<-p+layer(geom="bar", geom_params=list(fill="steelblue"), stat="bin", stat_params=list(binwidth=0.01))
> p
경고메시지:
position_stack requires constant width: output may be incorrect 
> p<-p+layer(geom="bar", geom_params=list(fill="steelblue"), stat="bin", stat_params=list(binwidth=0.5))
> p
경고메시지:
position_stack requires constant width: output may be incorrect 
> p<-p+layer(geom_histogram(binwidth=2, fill="steelblue"))
다음에 오류가 있습니다get(x, envir = this, inherits = inh) : 
  객체 'default_stat'를 찾을 수 없습니다
> p<-ggplot(diamonds, aes(x=carat))
> p<-p+layer(geom_histogram(binwidth=2, fill="steelblue"))
다음에 오류가 있습니다get(x, envir = this, inherits = inh) : 
  객체 'default_stat'를 찾을 수 없습니다
> p<-ggplot(diamonds, aes(x=carat))
> p<-p+layer(geom="bar", geom_params=list(fill="steelblue"), stat="bin", stat_params=list(binwidth=0.5))
> p
> p<-ggplot(diamonds, aes(x=carat))
> p<-p+layer(geom_histogram(binwidth=2, fill="steelblue"))
다음에 오류가 있습니다get(x, envir = this, inherits = inh) : 
  객체 'default_stat'를 찾을 수 없습니다
> p
에러: No layers in plot
> p<-ggplot(diamonds, aes(x=carat))
> p<-p+geom_histogram(binwidth=2, fill="steelblue")
> p
> p<-ggplot(diamonds, aes(x=carat))
> p<-p+geom_histogram(binwidth=0.5, fill="steelblue")
> p
> p<-ggplot(mtcars, aes(mpg,wt, colour=cyl))+geom_point()
> p
> p<-ggplot(mtcars)
> summary(p)
data: mpg, cyl, disp, hp, drat, wt, qsec, vs, am, gear, carb [32x11]
faceting: facet_null() 
> p
에러: No layers in plot
> p<-p+aes(wt,hp)
> p
에러: No layers in plot
> p<-p+geom_point()
> p
> p<-ggplot(mtcars)
> p<-p+aes(mpg, wt)
> p<-p+geom_point()
> p
> p<-p+geom_point(aes(colour=factor(cyl)))
> p
> p<-p+geom_point(aes(y=disp))
> p
> p<-ggplot(mtcars, aes(mpg, wt))
> p+geom_point(colour="darkblue")
> p
에러: No layers in plot
> p+geom_point(aes(colour="darkblue"))
> install.package("nlme")
에러: 함수 "install.package"를 찾을 수 없습니다
> install.packages("nlme")
URL 'http://cran.nexr.com/bin/macosx/mavericks/contrib/3.1/nlme_3.1-117.tgz'을 시도합니다
Content type 'application/x-gzip' length 2152525 bytes (2.1 Mb)
URL을 열었습니다
==================================================
downloaded 2.1 Mb


다운로드된 바이너리 패키지들은 다음의 위치에 있습니다
	/var/folders/_h/tg1th9bd4h98rjjb5vy9gn3m0000gn/T//RtmpnQyrkg/downloaded_packages
> library("nlme")
> p<-ggplot(Oxboys, aes(age, height, group=Subject))+geom_line()
다음에 오류가 있습니다ggplot(Oxboys, aes(age, height, group = Subject)) : 
  lazy-load database 'P' is corrupt
추가정보: 경고메시지:
In ggplot(Oxboys, aes(age, height, group = Subject)) :
  unknown type in R_decompress3
> p<-ggplot(Oxboys, aes(age, height, group=Subject))+geom_line()
다음에 오류가 있습니다ggplot(Oxboys, aes(age, height, group = Subject)) : 
  lazy-load database 'P' is corrupt
추가정보: 경고메시지:
1: In ggplot(Oxboys, aes(age, height, group = Subject)) :
  restarting interrupted promise evaluation
2: In ggplot(Oxboys, aes(age, height, group = Subject)) :
  unknown type in R_decompress3
> str(Oxboys)
다음에 오류가 있습니다str(Oxboys) : lazy-load database 'P' is corrupt
추가정보: 경고메시지:
1: In str(Oxboys) : restarting interrupted promise evaluation
2: In str(Oxboys) : unknown type in R_decompress3
> str(0xboys)
에러: 예기치 않은 심볼입니다 in "str(0xboys"
> ?Oxboys
> head(Oxboys)
다음에 오류가 있습니다head(Oxboys) : lazy-load database 'P' is corrupt
추가정보: 경고메시지:
1: In head(Oxboys) : restarting interrupted promise evaluation
2: In head(Oxboys) : unknown type in R_decompress3
> search()
 [1] ".GlobalEnv"        "package:mgcv"      "package:nlme"      "package:ggplot2"   "tools:RGUI"        "package:stats"    
 [7] "package:graphics"  "package:grDevices" "package:utils"     "package:datasets"  "package:methods"   "Autoloads"        
[13] "package:base"     
> Oxboys
에러: lazy-load database 'P' is corrupt
추가정보: 경고메시지:
1: restarting interrupted promise evaluation 
2: unknown type in R_decompress3 
> data(Oxboys)
> Oxboys
Grouped Data: height ~ age | Subject
    Subject     age height Occasion
1         1 -1.0000 140.50        1
2         1 -0.7479 143.40        2
3         1 -0.4630 144.80        3
4         1 -0.1643 147.10        4
5         1 -0.0027 147.70        5
6         1  0.2466 150.20        6
7         1  0.5562 151.70        7
8         1  0.7781 153.30        8
9         1  0.9945 155.80        9
10        2 -1.0000 136.90        1
11        2 -0.7479 139.10        2
12        2 -0.4630 140.10        3
13        2 -0.1643 142.60        4
14        2 -0.0027 143.20        5
15        2  0.2466 144.00        6
16        2  0.5562 145.80        7
17        2  0.7781 146.80        8
18        2  0.9945 148.30        9
19        3 -1.0000 150.00        1
20        3 -0.7479 152.10        2
21        3 -0.4630 153.90        3
22        3 -0.1643 155.80        4
23        3 -0.0027 156.00        5
24        3  0.2466 156.90        6
25        3  0.5562 157.40        7
26        3  0.7781 159.10        8
27        3  0.9945 160.60        9
28        4 -1.0000 155.70        1
29        4 -0.7479 158.70        2
30        4 -0.4630 160.60        3
31        4 -0.1643 163.30        4
32        4 -0.0027 164.40        5
33        4  0.2466 167.30        6
34        4  0.5562 170.70        7
35        4  0.7781 172.00        8
36        4  0.9945 174.80        9
37        5 -1.0000 145.80        1
38        5 -0.7479 147.30        2
39        5 -0.4493 148.70        3
40        5 -0.1643 149.78        4
41        5 -0.0027 150.22        5
42        5  0.2466 152.50        6
43        5  0.5562 154.80        7
44        5  0.7781 156.40        8
45        5  0.9973 158.70        9
46        6 -1.0000 142.40        1
47        6 -0.7479 143.80        2
48        6 -0.4630 145.20        3
49        6 -0.1643 146.30        4
50        6 -0.0027 147.10        5
51        6  0.2466 148.10        6
52        6  0.5562 148.90        7
53        6  0.7781 149.10        8
54        6  0.9945 151.00        9
55        7 -1.0000 141.30        1
56        7 -0.7479 142.40        2
57        7 -0.4493 144.30        3
58        7 -0.1643 145.20        4
59        7  0.0000 146.10        5
60        7  0.2466 146.80        6
61        7  0.5562 147.90        7
62        7  0.7945 150.50        8
63        7  0.9945 151.80        9
64        8 -1.0000 141.70        1
65        8 -0.7479 143.70        2
66        8 -0.4630 145.10        3
67        8 -0.1643 147.90        4
68        8 -0.0027 148.10        5
69        8  0.2466 149.60        6
70        8  0.5562 150.99        7
71        8  0.7945 154.10        8
72        8  1.0055 154.90        9
73        9 -1.0000 132.70        1
74        9 -0.7479 134.10        2
75        9 -0.4493 135.30        3
76        9 -0.1643 136.60        4
77        9 -0.0027 137.50        5
78        9  0.2466 139.10        6
79        9  0.5562 140.90        7
80        9  0.7945 143.70        8
81        9  0.9945 144.70        9
82       10 -1.0000 126.20        1
83       10 -0.7479 128.20        2
84       10 -0.4630 129.00        3
85       10 -0.1643 129.40        4
86       10 -0.0027 129.59        5
87       10  0.2466 130.60        6
88       10  0.5562 132.50        7
89       10  0.7781 133.40        8
90       10  0.9945 134.20        9
91       11 -1.0000 142.50        1
92       11 -0.7479 143.80        2
93       11 -0.4630 145.60        3
94       11 -0.1643 148.30        4
95       11 -0.0027 149.40        5
96       11  0.2466 151.60        6
97       11  0.5562 154.80        7
98       11  0.7781 156.90        8
99       11  0.9945 159.20        9
100      12 -1.0000 149.90        1
101      12 -0.7479 151.70        2
102      12 -0.4630 153.30        3
103      12 -0.1643 156.10        4
104      12  0.0000 156.70        5
105      12  0.2466 157.80        6
106      12  0.5562 160.70        7
107      12  0.7781 162.70        8
108      12  0.9945 163.80        9
109      13 -1.0000 148.90        1
110      13 -0.7150 149.80        2
111      13 -0.4630 151.70        3
112      13 -0.1643 154.40        4
113      13 -0.0027 155.50        5
114      13  0.2466 156.40        6
115      13  0.5562 161.40        7
116      13  0.7781 163.90        8
117      13  0.9945 164.60        9
118      14 -1.0000 151.60        1
119      14 -0.7479 153.20        2
120      14 -0.4630 155.20        3
121      14 -0.1643 157.30        4
122      14  0.0000 159.10        5
123      14  0.2466 160.90        6
124      14  0.5562 164.40        7
125      14  0.7781 166.90        8
126      14  0.9945 168.40        9
127      15 -1.0000 137.50        1
128      15 -0.7479 139.30        2
129      15 -0.4630 140.90        3
130      15 -0.1643 142.70        4
131      15 -0.0027 144.20        5
132      15  0.2466 145.70        6
133      15  0.5562 147.09        7
134      15  0.7781 150.20        8
135      15  0.9945 152.30        9
136      16 -1.0000 142.80        1
137      16 -0.7479 144.90        2
138      16 -0.4630 145.00        3
139      16 -0.1643 146.70        4
140      16 -0.0027 147.20        5
141      16  0.2466 148.90        6
142      16  0.5562 150.10        7
143      16  0.7781 151.00        8
144      16  0.9945 152.20        9
145      17 -1.0000 134.90        1
146      17 -0.7479 137.40        2
147      17 -0.4630 138.20        3
148      17 -0.1643 140.20        4
149      17 -0.0027 143.60        5
150      17  0.2466 144.20        6
151      17  0.5562 147.90        7
152      17  0.7781 150.30        8
153      17  0.9945 151.80        9
154      18 -1.0000 145.50        1
155      18 -0.7479 146.20        2
156      18 -0.4630 148.20        3
157      18 -0.1643 150.30        4
158      18 -0.0027 152.00        5
159      18  0.2466 152.30        6
160      18  0.5562 154.30        7
161      18  0.7781 156.20        8
162      18  0.9945 156.80        9
163      19 -1.0000 156.90        1
164      19 -0.7479 157.90        2
165      19 -0.4630 160.30        3
166      19 -0.1643 161.90        4
167      19  0.0000 163.80        5
168      19  0.2466 165.50        6
169      19  0.5562 169.90        7
170      19  0.7781 172.40        8
171      19  0.9945 174.40        9
172      20 -1.0000 146.50        1
173      20 -0.7479 148.40        2
174      20 -0.4630 149.30        3
175      20 -0.1643 151.20        4
176      20 -0.0027 152.10        5
177      20  0.2466 152.40        6
178      20  0.5562 153.90        7
179      20  0.7781 154.90        8
180      20  0.9945 155.40        9
181      21 -1.0000 143.90        1
182      21 -0.7479 145.10        2
183      21 -0.4630 147.00        3
184      21 -0.1643 149.20        4
185      21 -0.0027 149.80        5
186      21  0.2466 151.50        6
187      21  0.5562 153.17        7
188      21  0.7781 156.90        8
189      21  0.9945 159.60        9
190      22 -1.0000 147.40        1
191      22 -0.7479 148.80        2
192      22 -0.4630 150.10        3
193      22 -0.1643 152.50        4
194      22 -0.0027 154.70        5
195      22  0.2466 156.00        6
196      22  0.5562 158.40        7
197      22  0.7781 161.50        8
198      22  0.9945 163.30        9
199      23 -1.0000 144.50        1
200      23 -0.7479 146.00        2
201      23 -0.4630 147.40        3
202      23 -0.1643 149.20        4
203      23 -0.0027 150.80        5
204      23  0.2466 152.50        6
205      23  0.5562 155.00        7
206      23  0.7781 156.80        8
207      23  0.9945 158.80        9
208      24 -1.0000 147.80        1
209      24 -0.7479 148.20        2
210      24 -0.4630 150.20        3
211      24 -0.1643 151.00        4
212      24 -0.0027 152.20        5
213      24  0.2466 153.60        6
214      24  0.5562 155.80        7
215      24  0.7781 159.20        8
216      24  0.9945 161.60        9
217      25 -1.0000 135.50        1
218      25 -0.7479 136.60        2
219      25 -0.4630 137.30        3
220      25 -0.1643 138.20        4
221      25 -0.0027 139.00        5
222      25  0.2466 139.50        6
223      25  0.5562 141.00        7
224      25  0.7808 142.70        8
225      25  0.9945 143.90        9
226      26 -1.0000 132.20        1
227      26 -0.7479 134.30        2
228      26 -0.4630 135.10        3
229      26 -0.1643 136.70        4
230      26 -0.0027 138.40        5
231      26  0.2466 138.90        6
232      26  0.5562 141.80        7
233      26  0.7781 142.60        8
234      26  1.0055 143.10        9
> p<-ggplot(Oxboys, aes(age, height, group=Subject))+geom_line()
> p
> str(Oxboys)
Classes ‘nfnGroupedData’, ‘nfGroupedData’, ‘groupedData’ and 'data.frame':	234 obs. of  4 variables:
 $ Subject : Ord.factor w/ 26 levels "10"<"26"<"25"<..: 13 13 13 13 13 13 13 13 13 5 ...
 $ age     : num  -1 -0.7479 -0.463 -0.1643 -0.0027 ...
 $ height  : num  140 143 145 147 148 ...
 $ Occasion: Ord.factor w/ 9 levels "1"<"2"<"3"<"4"<..: 1 2 3 4 5 6 7 8 9 1 ...
 - attr(*, "formula")=Class 'formula' length 3 height ~ age | Subject
  .. ..- attr(*, ".Environment")=<environment: R_GlobalEnv> 
 - attr(*, "labels")=List of 2
  ..$ y: chr "Height"
  ..$ x: chr "Centered age"
 - attr(*, "units")=List of 1
  ..$ y: chr "(cm)"
 - attr(*, "FUN")=function (x)  
  ..- attr(*, "source")= chr "function (x) max(x, na.rm = TRUE)"
 - attr(*, "order.groups")= logi TRUE
> head(Oxboys)
Grouped Data: height ~ age | Subject
  Subject     age height Occasion
1       1 -1.0000  140.5        1
2       1 -0.7479  143.4        2
3       1 -0.4630  144.8        3
4       1 -0.1643  147.1        4
5       1 -0.0027  147.7        5
6       1  0.2466  150.2        6
> p+geom_smooth(aes(group=Subject), method="lm",se=F)
> p+geom_smooth(aes(group=1), method="lm",se=F)
> p+geom_smooth(aes(group=1), method="lm")
> df<-data.frame(x=c(3,1,5),y=c(2,4,6),label=c("a","b","c"))
> p<-ggplot(df,aes(x,y,label=label))+xlab(NULL)+ylab(NULL)
> p
에러: No layers in plot
> p+geom_point()+opts(title="Geom_point")
에러: Use 'theme' instead. (Defunct; last used in version 0.9.1)
> p+geom_point()+opts(theme="Geom_point")
에러: Use 'theme' instead. (Defunct; last used in version 0.9.1)
> p<-ggplot(df,aes(x,y,label=label))+xlab(NULL)+ylab(NULL)
> p+geom_point()+theme(title="Geom_point")
다음에 오류가 있습니다(function (el, elname)  : 
  Element title must be a element_text object.
> p+geom_point()+theme(title="geom_point")
다음에 오류가 있습니다(function (el, elname)  : 
  Element title must be a element_text object.
> p<-ggplot(df,aes(x,y,label=label))+xlab(NULL)+ylab(NULL)
> p+geom_point()
> p<-ggplot(df,aes(x,y,label=label))+xlab(NULL)+ylab(NULL)
> p+geom_point(title="geom_point")
> p<-ggplot(df,aes(x,y,label=label))+xlab(NULL)+ylab(NULL)
> p+geom_point(main="geom_point")
> p<-ggplot(df,aes(x,y,label=label))+title("geom_point")+xlab(NULL)+ylab(NULL)
다음에 오류가 있습니다title("geom_point") : plot.new has not been called yet
> p<-ggplot(df,aes(x,y,label=label))+xlab(NULL)+ylab(NULL)
> p+geom_point()+theme(title="geom_point")
다음에 오류가 있습니다(function (el, elname)  : 
  Element title must be a element_text object.
> p<-ggplot(df,aes(x,y,label=label))+xlab(NULL)+ylab(NULL)
> p+geom_point()+labs(title="geom_point")
> p<-ggplot(df,aes(x,y,label=label))
> p+geom_point()+labs(title="geom_point")
> p+geom_bar()+labs(title="geom_bar")
Error : Mapping a variable to y and also using stat="bin".
  With stat="bin", it will attempt to set the y value to the count of cases in each group.
  This can result in unexpected behavior and will not be allowed in a future version of ggplot2.
  If you want y to represent counts of cases, use stat="bin" and don't map a variable to y.
  If you want y to represent values in the data, use stat="identity".
  See ?geom_bar for examples. (Defunct; last used in version 0.9.2)
> p+geom_bar(stat="identity")+labs(title="geom_bar(stat=\"identity\")")
> p+geom_line()+labs(title="geom_line")
> p+geom_area()+labs(title="geom_area")
> p+geom_path()+labs(title="geom_path")
> df
  x y label
1 3 2     a
2 1 4     b
3 5 6     c
> p+geom_text()+labs(title="geom_text")
> p+geom_tile()+labs(title="geom_tile")
> p+geom_polygon()+labs(title="geom_polygon")
> depth_dist<-ggplot(diamonds,aes(depth))
> depth_dist
에러: No layers in plot
> depth_dist+geom_histogram()
stat_bin: binwidth defaulted to range/30. Use 'binwidth = x' to adjust this.
> depth_dist+geom_histogram(aes(y=..density..),binwidth=0.1)+facet_grid(cut ~.)
경고메시지:
1: position_stack requires constant width: output may be incorrect 
2: position_stack requires constant width: output may be incorrect 
3: position_stack requires constant width: output may be incorrect 
4: position_stack requires constant width: output may be incorrect 
5: position_stack requires constant width: output may be incorrect 
> depth_dist+geom_histogram(xlim=c(55,70))
stat_bin: binwidth defaulted to range/30. Use 'binwidth = x' to adjust this.
> depth_dist+geom_histogram(binwidth=0.1,xlim=c(55,70))
경고메시지:
position_stack requires constant width: output may be incorrect 
> depth_dist<-ggplot(diamonds,aes(depth))
> depth_dist+geom_histogram(binwidth=0.1,xlim=c(55,70))
경고메시지:
position_stack requires constant width: output may be incorrect 
> depth_dist<-ggplot(diamonds,aes(depth))+xlim(55,70)
> depth_dist+geom_histogram(binwidth=0.1)
경고메시지:
position_stack requires constant width: output may be incorrect 
> depth_dist<-ggplot(diamonds,aes(depth))+xlim(58,68)
> depth_dist+geom_histogram(aes(y=..density..),binwidth=0.1)+facet_grid(cut ~.)
경고메시지:
1: position_stack requires constant width: output may be incorrect 
2: position_stack requires constant width: output may be incorrect 
3: position_stack requires constant width: output may be incorrect 
4: position_stack requires constant width: output may be incorrect 
5: position_stack requires constant width: output may be incorrect 
> ?position_stack
> depth_dist+geom_histogram(aes(fill=cut),binwidth=0.1, position="fill")
경고메시지:
position_fill requires constant width: output may be incorrect 
> depth_dist+geom_freqpoly(aes(y=..density..,colour=cut),binwidth=0.1)
경고메시지:
1: Removed 2 rows containing missing values (geom_path). 
2: Removed 2 rows containing missing values (geom_path). 
3: Removed 2 rows containing missing values (geom_path). 
4: Removed 2 rows containing missing values (geom_path). 
5: Removed 2 rows containing missing values (geom_path). 
> qplot(cut,depth,data=diamonds,geom="boxplot")
> qplot(carat,depth,data=diamonds,geom="boxplot",group=round_any(carat,0.1,floor),xlim=c(0,3))
다음에 오류가 있습니다eval(expr, envir, enclos) : 함수 "round_any"를 찾을 수 없습니다
> ?round_any
> round_any(carat,0.1,floor)
에러: 함수 "round_any"를 찾을 수 없습니다
> ?round_any
> install.packages("plyr")
URL 'http://cran.nexr.com/bin/macosx/mavericks/contrib/3.1/plyr_1.8.1.tgz'을 시도합니다
Content type 'application/x-gzip' length 863410 bytes (843 Kb)
URL을 열었습니다
==================================================
downloaded 843 Kb


다운로드된 바이너리 패키지들은 다음의 위치에 있습니다
	/var/folders/_h/tg1th9bd4h98rjjb5vy9gn3m0000gn/T//RtmpnQyrkg/downloaded_packages
> library(plyr)
> round_any(carat,0.1,floor)
다음에 오류가 있습니다round_any(carat, 0.1, floor) : 객체 'carat'를 찾을 수 없습니다
> qplot(carat,depth,data=diamonds,geom="boxplot",group=round_any(carat,0.1,floor),xlim=c(0,3))
21건의 경고들이 있습니다 (이들을 확인하기 위해서는 warnings()를 이용하세요)
> warnings()
경고 메시지:
1: position_dodge requires constant width: output may be incorrect
2: Removed 2 rows containing missing values (geom_segment).
3: Removed 1 rows containing missing values (geom_segment).
4: Removed 2 rows containing missing values (geom_segment).
5: Removed 1 rows containing missing values (geom_segment).
6: Removed 2 rows containing missing values (geom_segment).
7: Removed 1 rows containing missing values (geom_segment).
8: Removed 2 rows containing missing values (geom_segment).
9: Removed 1 rows containing missing values (geom_segment).
10: Removed 2 rows containing missing values (geom_segment).
11: Removed 1 rows containing missing values (geom_segment).
12: Removed 2 rows containing missing values (geom_segment).
13: Removed 1 rows containing missing values (geom_segment).
14: Removed 2 rows containing missing values (geom_segment).
15: Removed 1 rows containing missing values (geom_segment).
16: Removed 2 rows containing missing values (geom_segment).
17: Removed 1 rows containing missing values (geom_segment).
18: Removed 2 rows containing missing values (geom_segment).
19: Removed 1 rows containing missing values (geom_segment).
20: Removed 2 rows containing missing values (geom_segment).
21: Removed 1 rows containing missing values (geom_segment).
> qplot(class,cty,data=mpg,geom="jitter")
> qplot(class,cty,data=mpg,geom="boxplot")
> qplot(class,cty,data=mpg,geom="jitter")
> qplot(cty,data=mpg,group="class")
stat_bin: binwidth defaulted to range/30. Use 'binwidth = x' to adjust this.
> qplot(class,cty,data=mpg)
> qplot(cty,class,data=mpg)
> qplot(class,cty,data=mpg,geom="boxplot")
> qplot(class,cty,data=mpg,geom="point")
> ?stem
> qplot(cty,class,data=mpg)
> qplot(class,drv,data=mpg)
> qplot(depth,data=mpg)
다음에 오류가 있습니다eval(expr, envir, enclos) : 객체 'depth'를 찾을 수 없습니다
> qplot(depth,data=diamonds)
stat_bin: binwidth defaulted to range/30. Use 'binwidth = x' to adjust this.
> qplot(depth,data=diamonds,geom="density",xlim=c(54,70))
경고메시지:
Removed 38 rows containing non-finite values (stat_density). 
> min(diamonds$depth)
[1] 43
> summary(diamonds$depth)
   Min. 1st Qu.  Median    Mean 3rd Qu.    Max. 
  43.00   61.00   61.80   61.75   62.50   79.00 
> qplot(depth,data=diamonds,geom="density",xlim=c(54,70),fill=cut,alpha=I(0.1))
경고메시지:
1: Removed 37 rows containing non-finite values (stat_density). 
2: Removed 1 rows containing non-finite values (stat_density). 
> ?I
> df<-data.frame(x=rnorm(2000),y=rnorm(2000))
> norm<-ggplot(df,aes(x,y))
> norm+geom_point()
> norm+geom_point(shape=1)
> norm+geom_point(shape=".")
> norm+geom_point(colour=alpha("black",1/3))
다음에 오류가 있습니다do.call("layer", list(mapping = mapping, data = data, stat = stat,  : 
  함수 "alpha"를 찾을 수 없습니다
> ?alpha
> install.packages(scales)
다음에 오류가 있습니다install.packages(scales) : 객체 'scales'를 찾을 수 없습니다
> install.packages("scales")
URL 'http://cran.nexr.com/bin/macosx/mavericks/contrib/3.1/scales_0.2.4.tgz'을 시도합니다
Content type 'application/x-gzip' length 154655 bytes (151 Kb)
URL을 열었습니다
==================================================
downloaded 151 Kb


다운로드된 바이너리 패키지들은 다음의 위치에 있습니다
	/var/folders/_h/tg1th9bd4h98rjjb5vy9gn3m0000gn/T//RtmpnQyrkg/downloaded_packages
> library(scales)
> norm+geom_point(colour=alpha("black",1/3))
> norm+geom_point(colour=alpha("black",1/5))
> norm+geom_point(colour=alpha("black",1/10))
> d<-ggplot(diamonds, aes(carat,price))+xlim(1,3)+opts(legend.position="none")
에러: Use 'theme' instead. (Defunct; last used in version 0.9.1)
> d<-ggplot(diamonds, aes(carat,price))+xlim(1,3)+labs(legend.position="none")
> d+gem_point()+geom_density2d()
에러: 함수 "gem_point"를 찾을 수 없습니다
> d+geom_point()+geom_density2d()
경고메시지:
1: Removed 34912 rows containing non-finite values (stat_density2d). 
2: Removed 34912 rows containing missing values (geom_point). 
> d<-ggplot(diamonds, aes(carat,price))+xlim(1,3)
> d+geom_point()+geom_density2d()
경고메시지:
1: Removed 34912 rows containing non-finite values (stat_density2d). 
2: Removed 34912 rows containing missing values (geom_point). 
> d<-ggplot(diamonds, aes(carat,price))+xlim(1,3)
> d+geom_point()+geom_density2d()
경고메시지:
1: Removed 34912 rows containing non-finite values (stat_density2d). 
2: Removed 34912 rows containing missing values (geom_point). 
> d<-ggplot(diamonds, aes(carat,price))+xlim(1,3)+labs(legend.position="none")
> d+geom_point()+geom_density2d()
경고메시지:
1: Removed 34912 rows containing non-finite values (stat_density2d). 
2: Removed 34912 rows containing missing values (geom_point). 
> d+stat_density2d(geom="point",aes(size=..density..),contour=F)+scale_area(to=c(0.2,1.5))
에러: Use scale_size_area instead.
  Note that the behavior of scale_size_area is slightly different:
  by default it makes the area proportional to the numeric value. (Defunct; last used in version 0.9.2)
> d+stat_density2d(geom="point",aes(size=..density..),contour=F)+scale_size_area(to=c(0.2,1.5))
다음에 오류가 있습니다continuous_scale("size", "area", palette = abs_area(max_size),  : 
  사용되지 않은 인자 (to = c(0.2, 1.5))
> d+stat_density2d(geom="point",aes(size=..density..),contour=F)+scale_size_area()
경고메시지:
Removed 34912 rows containing non-finite values (stat_density2d). 
> d<-ggplot(diamonds, aes(carat,price))+xlim(1,3)+labs(legend.position="none")
> d+stat_density2d(geom="point",aes(size=..density..),contour=F)+scale_size_area()
경고메시지:
Removed 34912 rows containing non-finite values (stat_density2d). 
> ?scale_area
> d+stat_density2d(geom="point",aes(size=..density..),contour=F)+scale_size_area(range=c(0.2,1.5))
다음에 오류가 있습니다continuous_scale("size", "area", palette = abs_area(max_size),  : 
  사용되지 않은 인자 (range = c(0.2, 1.5))
> d+stat_density2d(geom="point",aes(size=..density..),contour=F)+scale_size_area()
경고메시지:
Removed 34912 rows containing non-finite values (stat_density2d). 
> d+stat_density2d(geom="tile",aes(fill=..density..),contour=F)
경고메시지:
Removed 34912 rows containing non-finite values (stat_density2d). 
> last_plot()+scale_fill_gradient(limits=c(1e-5,8e-4))
경고메시지:
Removed 34912 rows containing non-finite values (stat_density2d). 
> ??scale_fill_gradient
> install.packages("maps")
URL 'http://cran.nexr.com/bin/macosx/mavericks/contrib/3.1/maps_2.3-7.tgz'을 시도합니다
Content type 'application/x-gzip' length 2068926 bytes (2.0 Mb)
URL을 열었습니다
==================================================
downloaded 2.0 Mb


다운로드된 바이너리 패키지들은 다음의 위치에 있습니다
	/var/folders/_h/tg1th9bd4h98rjjb5vy9gn3m0000gn/T//RtmpnQyrkg/downloaded_packages
> library(maps)
> ?maps
No documentation for ‘maps’ in specified packages and libraries:
you could try ‘??maps’
> vignette(maps)
다음에 오류가 있습니다vignette(maps) : 객체 'maps'를 찾을 수 없습니다
> help(maps)
No documentation for ‘maps’ in specified packages and libraries:
you could try ‘??maps’
> ??packages
> ?install.packages
> installed.packages("maps")
     Package LibPath Version Priority Depends Imports LinkingTo Suggests Enhances License License_is_FOSS License_restricts_use
     OS_type Archs MD5sum NeedsCompilation Built
> vignette(package="maps")
no vignettes found
> ?maps
No documentation for ‘maps’ in specified packages and libraries:
you could try ‘??maps’
> ??maps
> ?map
> map('usa')
> map('state')
> map('state', region=c('new york', 'new jersey', 'penn'))
> data(us.cities)
> help(maps)
No documentation for ‘maps’ in specified packages and libraries:
you could try ‘??maps’
> ?documentation
No documentation for ‘documentation’ in specified packages and libraries:
you could try ‘??documentation’
> ??documentation
> big_cities<-subset(us.cities, pop >500000)
> head(big_cities)
            name country.etc     pop   lat   long capital
50     Austin TX          TX  683404 30.31 -97.75       2
55  Baltimore MD          MD  602658 39.30 -76.61       0
98     Boston MA          MA  567759 42.34 -71.02       2
166 Charlotte NC          NC  607111 35.20 -80.83       0
173   Chicago IL          IL 2830144 41.84 -87.68       0
199  Columbus OH          OH  741677 39.99 -82.99       2
> str(big_cities)
'data.frame':	31 obs. of  6 variables:
 $ name       : chr  "Austin TX" "Baltimore MD" "Boston MA" "Charlotte NC" ...
 $ country.etc: chr  "TX" "MD" "MA" "NC" ...
 $ pop        : int  683404 602658 567759 607111 2830144 741677 1216543 556575 871789 603545 ...
 $ lat        : num  30.3 39.3 42.3 35.2 41.8 ...
 $ long       : num  -97.8 -76.6 -71 -80.8 -87.7 ...
 $ capital    : int  2 0 2 0 0 2 0 2 0 0 ...
> qplot(long, lat, data=big_cities)+borders("state", size=0.5)
> ?borders
> tx_cities<-subset(us.cities, country.etc=="TX")
> ?country.etc
No documentation for ‘country.etc’ in specified packages and libraries:
you could try ‘??country.etc’
> tx_cities
                       name country.etc     pop   lat    long capital
1                Abilene TX          TX  113888 32.45  -99.74       0
12                 Allen TX          TX   84467 33.11  -96.67       0
18              Amarillo TX          TX  183295 35.20 -101.82       0
35             Arlington TX          TX  374729 32.69  -97.13       0
50                Austin TX          TX  683404 30.31  -97.75       2
61               Baytown TX          TX   67487 29.75  -94.97       0
62              Beaumont TX          TX  110949 30.09  -94.14       0
65               Bedford TX          TX   49572 32.85  -97.13       0
122          Brownsville TX          TX  174135 25.93  -97.48       0
123                Bryan TX          TX   70386 30.67  -96.37       0
142           Carrollton TX          TX  123154 32.99  -96.90       0
153           Cedar Hill TX          TX   46869 32.58  -96.96       0
154           Cedar Park TX          TX   58499 30.51  -97.83       0
191      College Station TX          TX   80627 30.60  -96.31       0
204               Conroe TX          TX   42545 30.32  -95.47       0
207              Coppell TX          TX   40487 32.96  -96.99       0
211       Corpus Christi TX          TX  280808 27.71  -97.29       0
225               Dallas TX          TX 1216543 32.79  -96.77       0
236               DeSoto TX          TX   47179 32.60  -96.86       0
246               Denton TX          TX  105431 33.21  -97.13       0
273             Edinburg TX          TX   63193 26.30  -98.16       0
281              El Paso TX          TX  603545 31.85 -106.44       0
296               Euless TX          TX   54705 32.85  -97.08       0
318         Flower Mound TX          TX   70449 33.03  -97.09       0
327           Fort Worth TX          TX  633849 32.75  -97.34       0
338               Frisco TX          TX   80192 33.14  -96.81       0
342            Galveston TX          TX   56205 29.30  -94.81       0
345              Garland TX          TX  217609 32.91  -96.63       0
348           Georgetown TX          TX   41398 30.65  -97.69       0
361        Grand Prairie TX          TX  144018 32.69  -97.02       0
363            Grapevine TX          TX   51334 32.93  -97.07       0
377          Haltom City TX          TX   42053 32.82  -97.27       0
384            Harlingen TX          TX   64198 26.20  -97.69       0
413              Houston TX          TX 2043005 29.77  -95.39       0
428               Irving TX          TX  194407 32.86  -96.97       0
446               Keller TX          TX   39928 32.93  -97.23       0
455              Killeen TX          TX  106441 31.10  -97.72       0
486               Laredo TX          TX  218041 27.53  -99.49       0
496          League City TX          TX   65696 29.49  -95.11       0
503           Lewisville TX          TX   97496 33.04  -96.98       0
519             Longview TX          TX   76372 32.52  -94.76       0
526              Lubbock TX          TX  213587 33.58 -101.88       0
530             MacAllen TX          TX  125985 26.22  -98.24       0
531            MacKinney TX          TX  108976 33.20  -96.65       0
555             Mesquite TX          TX  132746 32.77  -96.60       0
563              Midland TX          TX   98261 32.03 -102.10       0
572              Mission TX          TX   65215 26.21  -98.32       0
575        Missouri City TX          TX   73529 29.57  -95.54       0
604        New Braunfels TX          TX   47533 29.70  -98.12       0
634 North Richland Hills TX          TX   64317 32.86  -97.22       0
645               Odessa TX          TX   91246 31.87 -102.35       0
677             Pasadena TX          TX  145351 29.66  -95.15       0
683             Pearland TX          TX   59287 29.56  -95.28       0
692                Pharr TX          TX   63806 26.18  -98.19       0
705                Plano TX          TX  260415 33.05  -96.75       0
714          Port Arthur TX          TX   56728 29.90  -93.93       0
751           Richardson TX          TX  107481 32.97  -96.71       0
774           Round Rock TX          TX   95330 30.52  -97.67       0
776              Rowlett TX          TX   57174 32.91  -96.55       0
795           San Angelo TX          TX   88143 31.45 -100.45       0
796          San Antonio TX          TX 1278171 29.46  -98.51       0
808           San Marcos TX          TX   49051 29.88  -97.93       0
877           Sugar Land TX          TX   78502 29.62  -95.62       0
896               Temple TX          TX   55916 31.10  -97.36       0
898           Texas City TX          TX   44321 29.41  -94.96       0
899           The Colony TX          TX   45532 33.09  -96.89       0
901        The Woodlands TX          TX   80285 30.16  -95.49       0
926                Tyler TX          TX   92155 32.33  -95.30       0
938             Victoria TX          TX   62296 28.82  -96.98       0
945                 Waco TX          TX  119911 31.57  -97.18       0
987        Wichita Falls TX          TX  100616 33.90  -98.52       0
> ggplot(tx_cities, aes(long, lat))+
+ borders("county","texas",colour="grey70")+
+ geom_point(colour=alpha("black",0.5))
> states<-map_data("state")
> head(states)
       long      lat group order  region subregion
1 -87.46201 30.38968     1     1 alabama      <NA>
2 -87.48493 30.37249     1     2 alabama      <NA>
3 -87.52503 30.37249     1     3 alabama      <NA>
4 -87.53076 30.33239     1     4 alabama      <NA>
5 -87.57087 30.32665     1     5 alabama      <NA>
6 -87.58806 30.32665     1     6 alabama      <NA>
> str(states)
'data.frame':	15537 obs. of  6 variables:
 $ long     : num  -87.5 -87.5 -87.5 -87.5 -87.6 ...
 $ lat      : num  30.4 30.4 30.4 30.3 30.3 ...
 $ group    : num  1 1 1 1 1 1 1 1 1 1 ...
 $ order    : int  1 2 3 4 5 6 7 8 9 10 ...
 $ region   : chr  "alabama" "alabama" "alabama" "alabama" ...
 $ subregion: chr  NA NA NA NA ...
> USArrests
               Murder Assault UrbanPop Rape
Alabama          13.2     236       58 21.2
Alaska           10.0     263       48 44.5
Arizona           8.1     294       80 31.0
Arkansas          8.8     190       50 19.5
California        9.0     276       91 40.6
Colorado          7.9     204       78 38.7
Connecticut       3.3     110       77 11.1
Delaware          5.9     238       72 15.8
Florida          15.4     335       80 31.9
Georgia          17.4     211       60 25.8
Hawaii            5.3      46       83 20.2
Idaho             2.6     120       54 14.2
Illinois         10.4     249       83 24.0
Indiana           7.2     113       65 21.0
Iowa              2.2      56       57 11.3
Kansas            6.0     115       66 18.0
Kentucky          9.7     109       52 16.3
Louisiana        15.4     249       66 22.2
Maine             2.1      83       51  7.8
Maryland         11.3     300       67 27.8
Massachusetts     4.4     149       85 16.3
Michigan         12.1     255       74 35.1
Minnesota         2.7      72       66 14.9
Mississippi      16.1     259       44 17.1
Missouri          9.0     178       70 28.2
Montana           6.0     109       53 16.4
Nebraska          4.3     102       62 16.5
Nevada           12.2     252       81 46.0
New Hampshire     2.1      57       56  9.5
New Jersey        7.4     159       89 18.8
New Mexico       11.4     285       70 32.1
New York         11.1     254       86 26.1
North Carolina   13.0     337       45 16.1
North Dakota      0.8      45       44  7.3
Ohio              7.3     120       75 21.4
Oklahoma          6.6     151       68 20.0
Oregon            4.9     159       67 29.3
Pennsylvania      6.3     106       72 14.9
Rhode Island      3.4     174       87  8.3
South Carolina   14.4     279       48 22.5
South Dakota      3.8      86       45 12.8
Tennessee        13.2     188       59 26.9
Texas            12.7     201       80 25.5
Utah              3.2     120       80 22.9
Vermont           2.2      48       32 11.2
Virginia          8.5     156       63 20.7
Washington        4.0     145       73 26.2
West Virginia     5.7      81       39  9.3
Wisconsin         2.6      53       66 10.8
Wyoming           6.8     161       60 15.6
> arrests<-USArrests
> names(arrests)<-tolower(names(arrests))
> ?tolower
> names(arrests)
[1] "murder"   "assault"  "urbanpop" "rape"    
> rownames(USArrests)
 [1] "Alabama"        "Alaska"         "Arizona"        "Arkansas"       "California"     "Colorado"       "Connecticut"   
 [8] "Delaware"       "Florida"        "Georgia"        "Hawaii"         "Idaho"          "Illinois"       "Indiana"       
[15] "Iowa"           "Kansas"         "Kentucky"       "Louisiana"      "Maine"          "Maryland"       "Massachusetts" 
[22] "Michigan"       "Minnesota"      "Mississippi"    "Missouri"       "Montana"        "Nebraska"       "Nevada"        
[29] "New Hampshire"  "New Jersey"     "New Mexico"     "New York"       "North Carolina" "North Dakota"   "Ohio"          
[36] "Oklahoma"       "Oregon"         "Pennsylvania"   "Rhode Island"   "South Carolina" "South Dakota"   "Tennessee"     
[43] "Texas"          "Utah"           "Vermont"        "Virginia"       "Washington"     "West Virginia"  "Wisconsin"     
[50] "Wyoming"       
> arrests$region<-tolower(rownames(USArrests))
> ?merge
> arrests
               murder assault urbanpop rape         region
Alabama          13.2     236       58 21.2        alabama
Alaska           10.0     263       48 44.5         alaska
Arizona           8.1     294       80 31.0        arizona
Arkansas          8.8     190       50 19.5       arkansas
California        9.0     276       91 40.6     california
Colorado          7.9     204       78 38.7       colorado
Connecticut       3.3     110       77 11.1    connecticut
Delaware          5.9     238       72 15.8       delaware
Florida          15.4     335       80 31.9        florida
Georgia          17.4     211       60 25.8        georgia
Hawaii            5.3      46       83 20.2         hawaii
Idaho             2.6     120       54 14.2          idaho
Illinois         10.4     249       83 24.0       illinois
Indiana           7.2     113       65 21.0        indiana
Iowa              2.2      56       57 11.3           iowa
Kansas            6.0     115       66 18.0         kansas
Kentucky          9.7     109       52 16.3       kentucky
Louisiana        15.4     249       66 22.2      louisiana
Maine             2.1      83       51  7.8          maine
Maryland         11.3     300       67 27.8       maryland
Massachusetts     4.4     149       85 16.3  massachusetts
Michigan         12.1     255       74 35.1       michigan
Minnesota         2.7      72       66 14.9      minnesota
Mississippi      16.1     259       44 17.1    mississippi
Missouri          9.0     178       70 28.2       missouri
Montana           6.0     109       53 16.4        montana
Nebraska          4.3     102       62 16.5       nebraska
Nevada           12.2     252       81 46.0         nevada
New Hampshire     2.1      57       56  9.5  new hampshire
New Jersey        7.4     159       89 18.8     new jersey
New Mexico       11.4     285       70 32.1     new mexico
New York         11.1     254       86 26.1       new york
North Carolina   13.0     337       45 16.1 north carolina
North Dakota      0.8      45       44  7.3   north dakota
Ohio              7.3     120       75 21.4           ohio
Oklahoma          6.6     151       68 20.0       oklahoma
Oregon            4.9     159       67 29.3         oregon
Pennsylvania      6.3     106       72 14.9   pennsylvania
Rhode Island      3.4     174       87  8.3   rhode island
South Carolina   14.4     279       48 22.5 south carolina
South Dakota      3.8      86       45 12.8   south dakota
Tennessee        13.2     188       59 26.9      tennessee
Texas            12.7     201       80 25.5          texas
Utah              3.2     120       80 22.9           utah
Vermont           2.2      48       32 11.2        vermont
Virginia          8.5     156       63 20.7       virginia
Washington        4.0     145       73 26.2     washington
West Virginia     5.7      81       39  9.3  west virginia
Wisconsin         2.6      53       66 10.8      wisconsin
Wyoming           6.8     161       60 15.6        wyoming
> head(states)
            long      lat group order               region         subregion
1      -87.46201 30.38968     1     1              alabama              <NA>
2      -87.48493 30.37249     1     2              alabama              <NA>
3      -87.52503 30.37249     1     3              alabama              <NA>
4      -87.53076 30.33239     1     4              alabama              <NA>
5      -87.57087 30.32665     1     5              alabama              <NA>
6      -87.58806 30.32665     1     6              alabama              <NA>
> choro<-merge(states, arrests, by="region")
> str(choro)
'data.frame':	15527 obs. of  10 variables:
 $ region   : chr  "alabama" "alabama" "alabama" "alabama" ...
 $ long     : num  -87.5 -87.5 -88 -88 -88 ...
 $ lat      : num  30.4 30.4 30.2 30.2 30.3 ...
 $ group    : num  1 1 1 1 1 1 1 1 1 1 ...
 $ order    : int  1 2 13 14 15 3 4 5 6 7 ...
 $ subregion: chr  NA NA NA NA ...
 $ murder   : num  13.2 13.2 13.2 13.2 13.2 13.2 13.2 13.2 13.2 13.2 ...
 $ assault  : int  236 236 236 236 236 236 236 236 236 236 ...
 $ urbanpop : int  58 58 58 58 58 58 58 58 58 58 ...
 $ rape     : num  21.2 21.2 21.2 21.2 21.2 21.2 21.2 21.2 21.2 21.2 ...
 
 > head(order(choro$order))
[1] 1 2 6 7 8 9
> head(choro[order(choro$order),])
   region      long      lat group order subregion murder assault urbanpop rape
1 alabama -87.46201 30.38968     1     1      <NA>   13.2     236       58 21.2
2 alabama -87.48493 30.37249     1     2      <NA>   13.2     236       58 21.2
6 alabama -87.52503 30.37249     1     3      <NA>   13.2     236       58 21.2
7 alabama -87.53076 30.33239     1     4      <NA>   13.2     236       58 21.2
8 alabama -87.57087 30.32665     1     5      <NA>   13.2     236       58 21.2
9 alabama -87.58806 30.32665     1     6      <NA>   13.2     236       58 21.2
> choro<-choro[order(choro$order)
+ ,]
> head(choro)
   region      long      lat group order subregion murder assault urbanpop rape
1 alabama -87.46201 30.38968     1     1      <NA>   13.2     236       58 21.2
2 alabama -87.48493 30.37249     1     2      <NA>   13.2     236       58 21.2
6 alabama -87.52503 30.37249     1     3      <NA>   13.2     236       58 21.2
7 alabama -87.53076 30.33239     1     4      <NA>   13.2     236       58 21.2
8 alabama -87.57087 30.32665     1     5      <NA>   13.2     236       58 21.2
9 alabama -87.58806 30.32665     1     6      <NA>   13.2     236       58 21.2
> qplot(long,lat,data=choro, group=group, fill=assault, geom="polygon")
> qplot(long,lat,data=choro, group=group, fill=assault/murder, geom="polygon")
> ?map_data
> map_data("world2",".")
> world<-map_data("world2",".")
> qplot(long,lat,data=world)
> ?world2
> map('world2', xlim = c(100, 300))
> qplot(long,lat,data=world)+borders()
> qplot(long,lat,data=world)+borders(size=0.5)
> qplot(long,lat,data=world)+borders("country",size=0.5)
다음에 오류가 있습니다get(dbname) : 객체 'countryMapEnv'를 찾을 수 없습니다
추가정보: 경고메시지:
In data(list = dbname, envir = environment()) :
  data set ‘countryMapEnv’ not found
> ia<-map_data("county","iowa")
> head(ia)
       long      lat group order region subregion
1 -94.24583 41.50506     1     1   iowa     adair
2 -94.24583 41.16129     1     2   iowa     adair
3 -94.24583 41.16129     1     3   iowa     adair
4 -94.48647 41.16129     1     4   iowa     adair
5 -94.70992 41.16129     1     5   iowa     adair
6 -94.70992 41.50506     1     6   iowa     adair
> mid_range<-function(x) mean(range(x, na.rm=TRUE))
> centres<-ddply(ia, .(subregion), colwise(mid_range, .(lat, long)))
> str(centres)
'data.frame':	99 obs. of  3 variables:
 $ subregion: chr  "adair" "adams" "allamakee" "appanoose" ...
 $ lat      : num  41.3 41 43.3 40.8 41.7 ...
 $ long     : num  -94.5 -94.7 -91.3 -92.9 -94.9 ...
> ?ddply
> ggplot(ia, aes(long,lat))+ geom_polygon(aes(group=group), fill=NA, colour="grey60")+
+ geom_text(aes(label=subregion), data=centres, size=2, angle=45)
> qplot(date, unemploy, data=economics, geom="line",xlab="",ylab="No. unemployed (1000s)")
> (qplot(date, unemploy, data=economics, geom="line",xlab="",ylab="No. unemployed (1000s)"))
> (unemp<-qplot(date, unemploy, data=economics, geom="line",xlab="",ylab="No. unemployed (1000s)"))
> presidential
         name      start        end      party
1  Eisenhower 1953-01-20 1961-01-20 Republican
2     Kennedy 1961-01-20 1963-11-22 Democratic
3      Johson 1963-11-22 1969-01-20 Democratic
4       Nixon 1969-01-20 1974-08-09 Republican
5        Ford 1974-08-09 1977-01-20 Republican
6      Carter 1977-01-20 1981-01-20 Democratic
7      Reagan 1981-01-20 1989-01-20 Republican
8        Bush 1989-01-20 1993-01-20 Republican
9     Clinton 1993-01-20 2001-01-20 Democratic
10       Bush 2001-01-20 2009-01-20 Republican
> str(presidential)
'data.frame':	10 obs. of  4 variables:
 $ name : chr  "Eisenhower" "Kennedy" "Johson" "Nixon" ...
 $ start: Date, format: "1953-01-20" "1961-01-20" "1963-11-22" "1969-01-20" ...
 $ end  : Date, format: "1961-01-20" "1963-11-22" "1969-01-20" "1974-08-09" ...
 $ party: chr  "Republican" "Democratic" "Democratic" "Republican" ...
> unemp+geom_vline(aes(xintercept=start),data=presidential)
에러: Discrete value supplied to continuous scale
> yrng<-range(economics$unemploy)
> xrng<-range(economice$date)
에러: 객체 'economice'를 찾을 수 없습니다
> xrng<-range(economics$date)
> unemp+geom_vline(aes(xintercept=start),data=presidential)
에러: Discrete value supplied to continuous scale
> presidentia[-(1:3),]
에러: 객체 'presidentia'를 찾을 수 없습니다
> presidential[-(1:3),]
      name      start        end      party
4    Nixon 1969-01-20 1974-08-09 Republican
5     Ford 1974-08-09 1977-01-20 Republican
6   Carter 1977-01-20 1981-01-20 Democratic
7   Reagan 1981-01-20 1989-01-20 Republican
8     Bush 1989-01-20 1993-01-20 Republican
9  Clinton 1993-01-20 2001-01-20 Democratic
10    Bush 2001-01-20 2009-01-20 Republican
> presidential<-presidentia[-(1:3),]
에러: 객체 'presidentia'를 찾을 수 없습니다
> presidential<-presidential[-(1:3),]
> unemp+geom_vline(aes(xintercept=start),data=presidential)
에러: Discrete value supplied to continuous scale
> unemp
> unemp+geom_vline(aes(xintercept=start),data=presidential)
에러: Discrete value supplied to continuous scale
> unemp+geom_vline(aes(start),data=presidential)
> ?geom_vline
> unemp+geom_vline(aes(xintercept=presidential$start),data=presidential)
에러: Discrete value supplied to continuous scale
> unemp+geom_vline(aes(xintercept=start),data=presidential)
에러: Discrete value supplied to continuous scale
> unemp+geom_rect(aes(NULL,NULL,xmin=start,xmax=end, fill=party),ymin=yrng[1],ymax=yrng[2],data=presidential)+
+ scale_fill_manual(values=alpha(c("blue","red"),0.2))
> last_plot()
> last_plot()+geom_text(aes(x=start,y=yrng[1],label=name),data=presidential, size=3,hjust=0,vjust=0)
> ?strwrap
> ?paste
> caption<-paste(strwrap("미국의 실업률은 시기에 따라 매우 크게 변하였다.", 40), collapse="\n")
> unemp+geom_text(aes(x,y,label=caption),data=data.frame(x=xrng[2],y=yrng[2]), hjust=1, vjust=1, size=4)
> par(family="AppleGothic")
> unemp+geom_text(aes(x,y,label=caption),data=data.frame(x=xrng[2],y=yrng[2]), hjust=1, vjust=1, size=4)
> caption<-paste(strwrap("미국의 실업률은 시기에 따라 매우 크게 변하였다.", 40), collapse="\n")
> unemp+geom_text(aes(x,y,label=caption),data=data.frame(x=xrng[2],y=yrng[2]), hjust=1, vjust=1, size=4)
> par(family="AppleGothic")
> unemp+geom_text(aes(x,y,label=caption),data=data.frame(x=xrng[2],y=yrng[2]), hjust=1, vjust=1, size=4)
> xrng
[1] "1967-06-30" "2007-03-31"
> attr(xrng)
다음에 오류가 있습니다attr(xrng) : either 2 or 3 arguments are required
> attribute(xrng)
에러: 함수 "attribute"를 찾을 수 없습니다
> class(xrng)
[1] "Date"
> class(presidential$start)
[1] "Date"
> unemp+geom_vline(aes(xintercept=start),data=presidential)
에러: Discrete value supplied to continuous scale
> unemp+geom_vline(aes(xintercept=as.vector(start)),data=presidential)
> unemp+geom_text(aes(x,y,label="미국의 실업률은 시기별로 크게 변화"),data=data.frame(x=xrng[2],y=yrng[2]), hjust=1, vjust=1, size=4)
> par(family="AppleGothic")
> unemp+geom_text(aes(x,y,label="미국의 실업률은 시기별로 크게 변화"),data=data.frame(x=xrng[2],y=yrng[2]), hjust=1, vjust=1, size=4)
> par(family)
NULL
> par(family="AppleGothic")
> par(family)
NULL
> ?par
> dev.off()
null device 
          1 
> par(family="AppleGothic")
> unemp+geom_text(aes(x,y,label="미국의 실업률은 시기별로 크게 변화"),data=data.frame(x=xrng[2],y=yrng[2]), hjust=1, vjust=1, size=4)
> ?quartz
> quartz(dpi=72, width=7.5,height=7.5,family="AppleGothic")
> unemp+geom_text(aes(x,y,label="미국의 실업률은 시기별로 크게 변화"),data=data.frame(x=xrng[2],y=yrng[2]), hjust=1, vjust=1, size=4)
> unemp+geom_text(aes(x,y,label=caption),data=data.frame(x=xrng[2],y=yrng[2]), hjust=1, vjust=1, size=4)
> caption
[1] "미국의 실업률은 시기에 따라 매우 크게\n변하였다."
> caption<-paste(strwrap("Unemployment rates in the US have varied a lot over the years", 40), collapse="\n")
> unemp+geom_text(aes(x,y,label=caption),data=data.frame(x=xrng[2],y=yrng[2]), hjust=1, vjust=1, size=4)
> par()
$xlog
[1] FALSE

$ylog
[1] FALSE

$adj
[1] 0.5

$ann
[1] TRUE

$ask
[1] FALSE

$bg
[1] "transparent"

$bty
[1] "o"

$cex
[1] 1

$cex.axis
[1] 1

$cex.lab
[1] 1

$cex.main
[1] 1.2

$cex.sub
[1] 1

$cin
[1] 0.15 0.20

$col
[1] "black"

$col.axis
[1] "black"

$col.lab
[1] "black"

$col.main
[1] "black"

$col.sub
[1] "black"

$cra
[1] 10.8 14.4

$crt
[1] 0

$csi
[1] 0.2

$cxy
[1] 0.02396166 0.03533569

$din
[1] 7.5 7.5

$err
[1] 0

$family
[1] ""

$fg
[1] "black"

$fig
[1] 0 1 0 1

$fin
[1] 7.5 7.5

$font
[1] 1

$font.axis
[1] 1

$font.lab
[1] 1

$font.main
[1] 2

$font.sub
[1] 1

$lab
[1] 5 5 7

$las
[1] 0

$lend
[1] "round"

$lheight
[1] 1

$ljoin
[1] "round"

$lmitre
[1] 10

$lty
[1] "solid"

$lwd
[1] 1

$mai
[1] 1.02 0.82 0.82 0.42

$mar
[1] 5.1 4.1 4.1 2.1

$mex
[1] 1

$mfcol
[1] 1 1

$mfg
[1] 1 1 1 1

$mfrow
[1] 1 1

$mgp
[1] 3 1 0

$mkh
[1] 0.001

$new
[1] FALSE

$oma
[1] 0 0 0 0

$omd
[1] 0 1 0 1

$omi
[1] 0 0 0 0

$page
[1] TRUE

$pch
[1] 1

$pin
[1] 6.26 5.66

$plt
[1] 0.1093333 0.9440000 0.1360000 0.8906667

$ps
[1] 12

$pty
[1] "m"

$smo
[1] 1

$srt
[1] 0

$tck
[1] NA

$tcl
[1] -0.5

$usr
[1] 0 1 0 1

$xaxp
[1] 0 1 5

$xaxs
[1] "r"

$xaxt
[1] "s"

$xpd
[1] FALSE

$yaxp
[1] 0 1 5

$yaxs
[1] "r"

$yaxt
[1] "s"

$ylbias
[1] 0.2

> par(family="AppleGothic")
> unemp+geom_text(aes(x,y,label="미국의 실업률은 시기별로 크게 변화"),data=data.frame(x=xrng[2],y=yrng[2]), hjust=1, vjust=1, size=4)
> Quartzfonts()
에러: 함수 "Quartzfonts"를 찾을 수 없습니다
> Quartz()
에러: 함수 "Quartz"를 찾을 수 없습니다
> quartz()
> quartz$family
다음에 오류가 있습니다quartz$family : 객체의 타입 'closure'는 부분대입할 수 없습니다
> quartz()$family
NULL
> par(family="AppleGothic")
> 